<?xml version="1.0" encoding="ISO-8859-1" ?>
<link_info>
   <banner>MSP430 Linker PC v21.6.1.LTS</banner>
   <copyright>Copyright (c) 2003-2018 Texas Instruments Incorporated</copyright>
   <link_time>0x657060c7</link_time>
   <link_errors>0x0</link_errors>
   <output_file>ROTATION.out</output_file>
   <entry_point>
      <name>_c_int00_noargs</name>
      <address>0x3100</address>
   </entry_point>
   <input_file_list>
      <input_file id="fl-2">
         <path>.\</path>
         <kind>object</kind>
         <file>main.obj</file>
         <name>main.obj</name>
      </input_file>
      <input_file id="fl-7">
         <kind>object</kind>
         <file>&lt;internal&gt;</file>
         <name>&lt;internal&gt;</name>
      </input_file>
      <input_file id="fl-1d">
         <path>C:\ti\ccs1240\ccs\tools\compiler\ti-cgt-msp430_21.6.1.LTS\lib\</path>
         <kind>archive</kind>
         <file>rts430x_lc_rd_eabi.lib</file>
         <name>printf.c.obj</name>
      </input_file>
      <input_file id="fl-1e">
         <path>C:\ti\ccs1240\ccs\tools\compiler\ti-cgt-msp430_21.6.1.LTS\lib\</path>
         <kind>archive</kind>
         <file>rts430x_lc_rd_eabi.lib</file>
         <name>_printfi.c.obj</name>
      </input_file>
      <input_file id="fl-1f">
         <path>C:\ti\ccs1240\ccs\tools\compiler\ti-cgt-msp430_21.6.1.LTS\lib\</path>
         <kind>archive</kind>
         <file>rts430x_lc_rd_eabi.lib</file>
         <name>fputc.c.obj</name>
      </input_file>
      <input_file id="fl-20">
         <path>C:\ti\ccs1240\ccs\tools\compiler\ti-cgt-msp430_21.6.1.LTS\lib\</path>
         <kind>archive</kind>
         <file>rts430x_lc_rd_eabi.lib</file>
         <name>fputs.c.obj</name>
      </input_file>
      <input_file id="fl-21">
         <path>C:\ti\ccs1240\ccs\tools\compiler\ti-cgt-msp430_21.6.1.LTS\lib\</path>
         <kind>archive</kind>
         <file>rts430x_lc_rd_eabi.lib</file>
         <name>_io_perm.c.obj</name>
      </input_file>
      <input_file id="fl-22">
         <path>C:\ti\ccs1240\ccs\tools\compiler\ti-cgt-msp430_21.6.1.LTS\lib\</path>
         <kind>archive</kind>
         <file>rts430x_lc_rd_eabi.lib</file>
         <name>setvbuf.c.obj</name>
      </input_file>
      <input_file id="fl-23">
         <path>C:\ti\ccs1240\ccs\tools\compiler\ti-cgt-msp430_21.6.1.LTS\lib\</path>
         <kind>archive</kind>
         <file>rts430x_lc_rd_eabi.lib</file>
         <name>s_frexp.c.obj</name>
      </input_file>
      <input_file id="fl-24">
         <path>C:\ti\ccs1240\ccs\tools\compiler\ti-cgt-msp430_21.6.1.LTS\lib\</path>
         <kind>archive</kind>
         <file>rts430x_lc_rd_eabi.lib</file>
         <name>s_scalbn.c.obj</name>
      </input_file>
      <input_file id="fl-25">
         <path>C:\ti\ccs1240\ccs\tools\compiler\ti-cgt-msp430_21.6.1.LTS\lib\</path>
         <kind>archive</kind>
         <file>rts430x_lc_rd_eabi.lib</file>
         <name>s_copysign.c.obj</name>
      </input_file>
      <input_file id="fl-26">
         <path>C:\ti\ccs1240\ccs\tools\compiler\ti-cgt-msp430_21.6.1.LTS\lib\</path>
         <kind>archive</kind>
         <file>rts430x_lc_rd_eabi.lib</file>
         <name>wcslen.c.obj</name>
      </input_file>
      <input_file id="fl-27">
         <path>C:\ti\ccs1240\ccs\tools\compiler\ti-cgt-msp430_21.6.1.LTS\lib\</path>
         <kind>archive</kind>
         <file>rts430x_lc_rd_eabi.lib</file>
         <name>div16u.asm.obj</name>
      </input_file>
      <input_file id="fl-28">
         <path>C:\ti\ccs1240\ccs\tools\compiler\ti-cgt-msp430_21.6.1.LTS\lib\</path>
         <kind>archive</kind>
         <file>rts430x_lc_rd_eabi.lib</file>
         <name>div32u.asm.obj</name>
      </input_file>
      <input_file id="fl-29">
         <path>C:\ti\ccs1240\ccs\tools\compiler\ti-cgt-msp430_21.6.1.LTS\lib\</path>
         <kind>archive</kind>
         <file>rts430x_lc_rd_eabi.lib</file>
         <name>int14.asm.obj</name>
      </input_file>
      <input_file id="fl-2a">
         <path>C:\ti\ccs1240\ccs\tools\compiler\ti-cgt-msp430_21.6.1.LTS\lib\</path>
         <kind>archive</kind>
         <file>rts430x_lc_rd_eabi.lib</file>
         <name>int15.asm.obj</name>
      </input_file>
      <input_file id="fl-2b">
         <path>C:\ti\ccs1240\ccs\tools\compiler\ti-cgt-msp430_21.6.1.LTS\lib\</path>
         <kind>archive</kind>
         <file>rts430x_lc_rd_eabi.lib</file>
         <name>int16.asm.obj</name>
      </input_file>
      <input_file id="fl-2c">
         <path>C:\ti\ccs1240\ccs\tools\compiler\ti-cgt-msp430_21.6.1.LTS\lib\</path>
         <kind>archive</kind>
         <file>rts430x_lc_rd_eabi.lib</file>
         <name>int17.asm.obj</name>
      </input_file>
      <input_file id="fl-2d">
         <path>C:\ti\ccs1240\ccs\tools\compiler\ti-cgt-msp430_21.6.1.LTS\lib\</path>
         <kind>archive</kind>
         <file>rts430x_lc_rd_eabi.lib</file>
         <name>int18.asm.obj</name>
      </input_file>
      <input_file id="fl-2e">
         <path>C:\ti\ccs1240\ccs\tools\compiler\ti-cgt-msp430_21.6.1.LTS\lib\</path>
         <kind>archive</kind>
         <file>rts430x_lc_rd_eabi.lib</file>
         <name>int19.asm.obj</name>
      </input_file>
      <input_file id="fl-2f">
         <path>C:\ti\ccs1240\ccs\tools\compiler\ti-cgt-msp430_21.6.1.LTS\lib\</path>
         <kind>archive</kind>
         <file>rts430x_lc_rd_eabi.lib</file>
         <name>int20.asm.obj</name>
      </input_file>
      <input_file id="fl-30">
         <path>C:\ti\ccs1240\ccs\tools\compiler\ti-cgt-msp430_21.6.1.LTS\lib\</path>
         <kind>archive</kind>
         <file>rts430x_lc_rd_eabi.lib</file>
         <name>int21.asm.obj</name>
      </input_file>
      <input_file id="fl-31">
         <path>C:\ti\ccs1240\ccs\tools\compiler\ti-cgt-msp430_21.6.1.LTS\lib\</path>
         <kind>archive</kind>
         <file>rts430x_lc_rd_eabi.lib</file>
         <name>int22.asm.obj</name>
      </input_file>
      <input_file id="fl-32">
         <path>C:\ti\ccs1240\ccs\tools\compiler\ti-cgt-msp430_21.6.1.LTS\lib\</path>
         <kind>archive</kind>
         <file>rts430x_lc_rd_eabi.lib</file>
         <name>int23.asm.obj</name>
      </input_file>
      <input_file id="fl-33">
         <path>C:\ti\ccs1240\ccs\tools\compiler\ti-cgt-msp430_21.6.1.LTS\lib\</path>
         <kind>archive</kind>
         <file>rts430x_lc_rd_eabi.lib</file>
         <name>int24.asm.obj</name>
      </input_file>
      <input_file id="fl-34">
         <path>C:\ti\ccs1240\ccs\tools\compiler\ti-cgt-msp430_21.6.1.LTS\lib\</path>
         <kind>archive</kind>
         <file>rts430x_lc_rd_eabi.lib</file>
         <name>int25.asm.obj</name>
      </input_file>
      <input_file id="fl-35">
         <path>C:\ti\ccs1240\ccs\tools\compiler\ti-cgt-msp430_21.6.1.LTS\lib\</path>
         <kind>archive</kind>
         <file>rts430x_lc_rd_eabi.lib</file>
         <name>int26.asm.obj</name>
      </input_file>
      <input_file id="fl-36">
         <path>C:\ti\ccs1240\ccs\tools\compiler\ti-cgt-msp430_21.6.1.LTS\lib\</path>
         <kind>archive</kind>
         <file>rts430x_lc_rd_eabi.lib</file>
         <name>int27.asm.obj</name>
      </input_file>
      <input_file id="fl-37">
         <path>C:\ti\ccs1240\ccs\tools\compiler\ti-cgt-msp430_21.6.1.LTS\lib\</path>
         <kind>archive</kind>
         <file>rts430x_lc_rd_eabi.lib</file>
         <name>int28.asm.obj</name>
      </input_file>
      <input_file id="fl-38">
         <path>C:\ti\ccs1240\ccs\tools\compiler\ti-cgt-msp430_21.6.1.LTS\lib\</path>
         <kind>archive</kind>
         <file>rts430x_lc_rd_eabi.lib</file>
         <name>int29.asm.obj</name>
      </input_file>
      <input_file id="fl-39">
         <path>C:\ti\ccs1240\ccs\tools\compiler\ti-cgt-msp430_21.6.1.LTS\lib\</path>
         <kind>archive</kind>
         <file>rts430x_lc_rd_eabi.lib</file>
         <name>int30.asm.obj</name>
      </input_file>
      <input_file id="fl-3a">
         <path>C:\ti\ccs1240\ccs\tools\compiler\ti-cgt-msp430_21.6.1.LTS\lib\</path>
         <kind>archive</kind>
         <file>rts430x_lc_rd_eabi.lib</file>
         <name>isr_trap.asm.obj</name>
      </input_file>
      <input_file id="fl-3b">
         <path>C:\ti\ccs1240\ccs\tools\compiler\ti-cgt-msp430_21.6.1.LTS\lib\</path>
         <kind>archive</kind>
         <file>rts430x_lc_rd_eabi.lib</file>
         <name>lsl32.asm.obj</name>
      </input_file>
      <input_file id="fl-3c">
         <path>C:\ti\ccs1240\ccs\tools\compiler\ti-cgt-msp430_21.6.1.LTS\lib\</path>
         <kind>archive</kind>
         <file>rts430x_lc_rd_eabi.lib</file>
         <name>mult16.asm.obj</name>
      </input_file>
      <input_file id="fl-3d">
         <path>C:\ti\ccs1240\ccs\tools\compiler\ti-cgt-msp430_21.6.1.LTS\lib\</path>
         <kind>archive</kind>
         <file>rts430x_lc_rd_eabi.lib</file>
         <name>mult16_hw.asm.obj</name>
      </input_file>
      <input_file id="fl-3e">
         <path>C:\ti\ccs1240\ccs\tools\compiler\ti-cgt-msp430_21.6.1.LTS\lib\</path>
         <kind>archive</kind>
         <file>rts430x_lc_rd_eabi.lib</file>
         <name>mult1632_hw.asm.obj</name>
      </input_file>
      <input_file id="fl-3f">
         <path>C:\ti\ccs1240\ccs\tools\compiler\ti-cgt-msp430_21.6.1.LTS\lib\</path>
         <kind>archive</kind>
         <file>rts430x_lc_rd_eabi.lib</file>
         <name>mult32_hw.asm.obj</name>
      </input_file>
      <input_file id="fl-40">
         <path>C:\ti\ccs1240\ccs\tools\compiler\ti-cgt-msp430_21.6.1.LTS\lib\</path>
         <kind>archive</kind>
         <file>rts430x_lc_rd_eabi.lib</file>
         <name>mult3264_hw.asm.obj</name>
      </input_file>
      <input_file id="fl-41">
         <path>C:\ti\ccs1240\ccs\tools\compiler\ti-cgt-msp430_21.6.1.LTS\lib\</path>
         <kind>archive</kind>
         <file>rts430x_lc_rd_eabi.lib</file>
         <name>mult64_hw.asm.obj</name>
      </input_file>
      <input_file id="fl-42">
         <path>C:\ti\ccs1240\ccs\tools\compiler\ti-cgt-msp430_21.6.1.LTS\lib\</path>
         <kind>archive</kind>
         <file>rts430x_lc_rd_eabi.lib</file>
         <name>boot.c.obj</name>
      </input_file>
      <input_file id="fl-43">
         <path>C:\ti\ccs1240\ccs\tools\compiler\ti-cgt-msp430_21.6.1.LTS\lib\</path>
         <kind>archive</kind>
         <file>rts430x_lc_rd_eabi.lib</file>
         <name>autoinit.c.obj</name>
      </input_file>
      <input_file id="fl-44">
         <path>C:\ti\ccs1240\ccs\tools\compiler\ti-cgt-msp430_21.6.1.LTS\lib\</path>
         <kind>archive</kind>
         <file>rts430x_lc_rd_eabi.lib</file>
         <name>copy_zero_init.c.obj</name>
      </input_file>
      <input_file id="fl-45">
         <path>C:\ti\ccs1240\ccs\tools\compiler\ti-cgt-msp430_21.6.1.LTS\lib\</path>
         <kind>archive</kind>
         <file>rts430x_lc_rd_eabi.lib</file>
         <name>exit_gvars.c.obj</name>
      </input_file>
      <input_file id="fl-46">
         <path>C:\ti\ccs1240\ccs\tools\compiler\ti-cgt-msp430_21.6.1.LTS\lib\</path>
         <kind>archive</kind>
         <file>rts430x_lc_rd_eabi.lib</file>
         <name>cpy_tbl.c.obj</name>
      </input_file>
      <input_file id="fl-47">
         <path>C:\ti\ccs1240\ccs\tools\compiler\ti-cgt-msp430_21.6.1.LTS\lib\</path>
         <kind>archive</kind>
         <file>rts430x_lc_rd_eabi.lib</file>
         <name>mpu_init.c.obj</name>
      </input_file>
      <input_file id="fl-48">
         <path>C:\ti\ccs1240\ccs\tools\compiler\ti-cgt-msp430_21.6.1.LTS\lib\</path>
         <kind>archive</kind>
         <file>rts430x_lc_rd_eabi.lib</file>
         <name>lsr64.c.obj</name>
      </input_file>
      <input_file id="fl-49">
         <path>C:\ti\ccs1240\ccs\tools\compiler\ti-cgt-msp430_21.6.1.LTS\lib\</path>
         <kind>archive</kind>
         <file>rts430x_lc_rd_eabi.lib</file>
         <name>div64u.c.obj</name>
      </input_file>
      <input_file id="fl-4a">
         <path>C:\ti\ccs1240\ccs\tools\compiler\ti-cgt-msp430_21.6.1.LTS\lib\</path>
         <kind>archive</kind>
         <file>rts430x_lc_rd_eabi.lib</file>
         <name>pre_init.c.obj</name>
      </input_file>
      <input_file id="fl-4b">
         <path>C:\ti\ccs1240\ccs\tools\compiler\ti-cgt-msp430_21.6.1.LTS\lib\</path>
         <kind>archive</kind>
         <file>rts430x_lc_rd_eabi.lib</file>
         <name>startup.c.obj</name>
      </input_file>
      <input_file id="fl-4c">
         <path>C:\ti\ccs1240\ccs\tools\compiler\ti-cgt-msp430_21.6.1.LTS\lib\</path>
         <kind>archive</kind>
         <file>rts430x_lc_rd_eabi.lib</file>
         <name>copy_decompress_none.c.obj</name>
      </input_file>
      <input_file id="fl-4d">
         <path>C:\ti\ccs1240\ccs\tools\compiler\ti-cgt-msp430_21.6.1.LTS\lib\</path>
         <kind>archive</kind>
         <file>rts430x_lc_rd_eabi.lib</file>
         <name>copy_decompress_lzss.c.obj</name>
      </input_file>
      <input_file id="fl-4e">
         <path>C:\ti\ccs1240\ccs\tools\compiler\ti-cgt-msp430_21.6.1.LTS\lib\</path>
         <kind>archive</kind>
         <file>rts430x_lc_rd_eabi.lib</file>
         <name>addd.c.obj</name>
      </input_file>
      <input_file id="fl-4f">
         <path>C:\ti\ccs1240\ccs\tools\compiler\ti-cgt-msp430_21.6.1.LTS\lib\</path>
         <kind>archive</kind>
         <file>rts430x_lc_rd_eabi.lib</file>
         <name>cmpd.c.obj</name>
      </input_file>
      <input_file id="fl-50">
         <path>C:\ti\ccs1240\ccs\tools\compiler\ti-cgt-msp430_21.6.1.LTS\lib\</path>
         <kind>archive</kind>
         <file>rts430x_lc_rd_eabi.lib</file>
         <name>cvtfd.c.obj</name>
      </input_file>
      <input_file id="fl-51">
         <path>C:\ti\ccs1240\ccs\tools\compiler\ti-cgt-msp430_21.6.1.LTS\lib\</path>
         <kind>archive</kind>
         <file>rts430x_lc_rd_eabi.lib</file>
         <name>divd.c.obj</name>
      </input_file>
      <input_file id="fl-52">
         <path>C:\ti\ccs1240\ccs\tools\compiler\ti-cgt-msp430_21.6.1.LTS\lib\</path>
         <kind>archive</kind>
         <file>rts430x_lc_rd_eabi.lib</file>
         <name>fixdi.c.obj</name>
      </input_file>
      <input_file id="fl-53">
         <path>C:\ti\ccs1240\ccs\tools\compiler\ti-cgt-msp430_21.6.1.LTS\lib\</path>
         <kind>archive</kind>
         <file>rts430x_lc_rd_eabi.lib</file>
         <name>fixdli.c.obj</name>
      </input_file>
      <input_file id="fl-54">
         <path>C:\ti\ccs1240\ccs\tools\compiler\ti-cgt-msp430_21.6.1.LTS\lib\</path>
         <kind>archive</kind>
         <file>rts430x_lc_rd_eabi.lib</file>
         <name>fltid.c.obj</name>
      </input_file>
      <input_file id="fl-55">
         <path>C:\ti\ccs1240\ccs\tools\compiler\ti-cgt-msp430_21.6.1.LTS\lib\</path>
         <kind>archive</kind>
         <file>rts430x_lc_rd_eabi.lib</file>
         <name>fltlid.c.obj</name>
      </input_file>
      <input_file id="fl-56">
         <path>C:\ti\ccs1240\ccs\tools\compiler\ti-cgt-msp430_21.6.1.LTS\lib\</path>
         <kind>archive</kind>
         <file>rts430x_lc_rd_eabi.lib</file>
         <name>frcdivd.c.obj</name>
      </input_file>
      <input_file id="fl-57">
         <path>C:\ti\ccs1240\ccs\tools\compiler\ti-cgt-msp430_21.6.1.LTS\lib\</path>
         <kind>archive</kind>
         <file>rts430x_lc_rd_eabi.lib</file>
         <name>mpyd.c.obj</name>
      </input_file>
      <input_file id="fl-58">
         <path>C:\ti\ccs1240\ccs\tools\compiler\ti-cgt-msp430_21.6.1.LTS\lib\</path>
         <kind>archive</kind>
         <file>rts430x_lc_rd_eabi.lib</file>
         <name>negd.c.obj</name>
      </input_file>
      <input_file id="fl-59">
         <path>C:\ti\ccs1240\ccs\tools\compiler\ti-cgt-msp430_21.6.1.LTS\lib\</path>
         <kind>archive</kind>
         <file>rts430x_lc_rd_eabi.lib</file>
         <name>subd.c.obj</name>
      </input_file>
      <input_file id="fl-5a">
         <path>C:\ti\ccs1240\ccs\tools\compiler\ti-cgt-msp430_21.6.1.LTS\lib\</path>
         <kind>archive</kind>
         <file>rts430x_lc_rd_eabi.lib</file>
         <name>exit.c.obj</name>
      </input_file>
      <input_file id="fl-5b">
         <path>C:\ti\ccs1240\ccs\tools\compiler\ti-cgt-msp430_21.6.1.LTS\lib\</path>
         <kind>archive</kind>
         <file>rts430x_lc_rd_eabi.lib</file>
         <name>_lock.c.obj</name>
      </input_file>
      <input_file id="fl-5c">
         <path>C:\ti\ccs1240\ccs\tools\compiler\ti-cgt-msp430_21.6.1.LTS\lib\</path>
         <kind>archive</kind>
         <file>rts430x_lc_rd_eabi.lib</file>
         <name>_ltoa.c.obj</name>
      </input_file>
      <input_file id="fl-5d">
         <path>C:\ti\ccs1240\ccs\tools\compiler\ti-cgt-msp430_21.6.1.LTS\lib\</path>
         <kind>archive</kind>
         <file>rts430x_lc_rd_eabi.lib</file>
         <name>args_main.c.obj</name>
      </input_file>
      <input_file id="fl-5e">
         <path>C:\ti\ccs1240\ccs\tools\compiler\ti-cgt-msp430_21.6.1.LTS\lib\</path>
         <kind>archive</kind>
         <file>rts430x_lc_rd_eabi.lib</file>
         <name>atoi.c.obj</name>
      </input_file>
      <input_file id="fl-5f">
         <path>C:\ti\ccs1240\ccs\tools\compiler\ti-cgt-msp430_21.6.1.LTS\lib\</path>
         <kind>archive</kind>
         <file>rts430x_lc_rd_eabi.lib</file>
         <name>ctype.c.obj</name>
      </input_file>
      <input_file id="fl-60">
         <path>C:\ti\ccs1240\ccs\tools\compiler\ti-cgt-msp430_21.6.1.LTS\lib\</path>
         <kind>archive</kind>
         <file>rts430x_lc_rd_eabi.lib</file>
         <name>defs.c.obj</name>
      </input_file>
      <input_file id="fl-61">
         <path>C:\ti\ccs1240\ccs\tools\compiler\ti-cgt-msp430_21.6.1.LTS\lib\</path>
         <kind>archive</kind>
         <file>rts430x_lc_rd_eabi.lib</file>
         <name>memccpy.c.obj</name>
      </input_file>
      <input_file id="fl-62">
         <path>C:\ti\ccs1240\ccs\tools\compiler\ti-cgt-msp430_21.6.1.LTS\lib\</path>
         <kind>archive</kind>
         <file>rts430x_lc_rd_eabi.lib</file>
         <name>memchr.c.obj</name>
      </input_file>
      <input_file id="fl-63">
         <path>C:\ti\ccs1240\ccs\tools\compiler\ti-cgt-msp430_21.6.1.LTS\lib\</path>
         <kind>archive</kind>
         <file>rts430x_lc_rd_eabi.lib</file>
         <name>memcpy.c.obj</name>
      </input_file>
      <input_file id="fl-64">
         <path>C:\ti\ccs1240\ccs\tools\compiler\ti-cgt-msp430_21.6.1.LTS\lib\</path>
         <kind>archive</kind>
         <file>rts430x_lc_rd_eabi.lib</file>
         <name>memory.c.obj</name>
      </input_file>
      <input_file id="fl-65">
         <path>C:\ti\ccs1240\ccs\tools\compiler\ti-cgt-msp430_21.6.1.LTS\lib\</path>
         <kind>archive</kind>
         <file>rts430x_lc_rd_eabi.lib</file>
         <name>memset.c.obj</name>
      </input_file>
      <input_file id="fl-66">
         <path>C:\ti\ccs1240\ccs\tools\compiler\ti-cgt-msp430_21.6.1.LTS\lib\</path>
         <kind>archive</kind>
         <file>rts430x_lc_rd_eabi.lib</file>
         <name>strchr.c.obj</name>
      </input_file>
      <input_file id="fl-67">
         <path>C:\ti\ccs1240\ccs\tools\compiler\ti-cgt-msp430_21.6.1.LTS\lib\</path>
         <kind>archive</kind>
         <file>rts430x_lc_rd_eabi.lib</file>
         <name>strlen.c.obj</name>
      </input_file>
      <input_file id="fl-68">
         <path>C:\ti\ccs1240\ccs\tools\compiler\ti-cgt-msp430_21.6.1.LTS\lib\</path>
         <kind>archive</kind>
         <file>rts430x_lc_rd_eabi.lib</file>
         <name>toupper.c.obj</name>
      </input_file>
      <input_file id="fl-69">
         <path>C:\ti\ccs1240\ccs\tools\compiler\ti-cgt-msp430_21.6.1.LTS\lib\</path>
         <kind>archive</kind>
         <file>rts430x_lc_rd_eabi.lib</file>
         <name>abs.c.obj</name>
      </input_file>
      <input_file id="fl-6a">
         <path>C:\ti\ccs1240\ccs\tools\compiler\ti-cgt-msp430_21.6.1.LTS\lib\</path>
         <kind>archive</kind>
         <file>rts430x_lc_rd_eabi.lib</file>
         <name>write.c.obj</name>
      </input_file>
      <input_file id="fl-6b">
         <path>C:\ti\ccs1240\ccs\tools\compiler\ti-cgt-msp430_21.6.1.LTS\lib\</path>
         <kind>archive</kind>
         <file>rts430x_lc_rd_eabi.lib</file>
         <name>host_device.c.obj</name>
      </input_file>
      <input_file id="fl-6c">
         <path>C:\ti\ccs1240\ccs\tools\compiler\ti-cgt-msp430_21.6.1.LTS\lib\</path>
         <kind>archive</kind>
         <file>rts430x_lc_rd_eabi.lib</file>
         <name>errno.c.obj</name>
      </input_file>
      <input_file id="fl-6d">
         <path>C:\ti\ccs1240\ccs\tools\compiler\ti-cgt-msp430_21.6.1.LTS\lib\</path>
         <kind>archive</kind>
         <file>rts430x_lc_rd_eabi.lib</file>
         <name>fflush.c.obj</name>
      </input_file>
      <input_file id="fl-6e">
         <path>C:\ti\ccs1240\ccs\tools\compiler\ti-cgt-msp430_21.6.1.LTS\lib\</path>
         <kind>archive</kind>
         <file>rts430x_lc_rd_eabi.lib</file>
         <name>fopen.c.obj</name>
      </input_file>
      <input_file id="fl-6f">
         <path>C:\ti\ccs1240\ccs\tools\compiler\ti-cgt-msp430_21.6.1.LTS\lib\</path>
         <kind>archive</kind>
         <file>rts430x_lc_rd_eabi.lib</file>
         <name>fseek.c.obj</name>
      </input_file>
      <input_file id="fl-70">
         <path>C:\ti\ccs1240\ccs\tools\compiler\ti-cgt-msp430_21.6.1.LTS\lib\</path>
         <kind>archive</kind>
         <file>rts430x_lc_rd_eabi.lib</file>
         <name>asr32.asm.obj</name>
      </input_file>
      <input_file id="fl-71">
         <path>C:\ti\ccs1240\ccs\tools\compiler\ti-cgt-msp430_21.6.1.LTS\lib\</path>
         <kind>archive</kind>
         <file>rts430x_lc_rd_eabi.lib</file>
         <name>div32s.asm.obj</name>
      </input_file>
      <input_file id="fl-72">
         <path>C:\ti\ccs1240\ccs\tools\compiler\ti-cgt-msp430_21.6.1.LTS\lib\</path>
         <kind>archive</kind>
         <file>rts430x_lc_rd_eabi.lib</file>
         <name>lsr32.asm.obj</name>
      </input_file>
      <input_file id="fl-73">
         <path>C:\ti\ccs1240\ccs\tools\compiler\ti-cgt-msp430_21.6.1.LTS\lib\</path>
         <kind>archive</kind>
         <file>rts430x_lc_rd_eabi.lib</file>
         <name>mult32.asm.obj</name>
      </input_file>
      <input_file id="fl-74">
         <path>C:\ti\ccs1240\ccs\tools\compiler\ti-cgt-msp430_21.6.1.LTS\lib\</path>
         <kind>archive</kind>
         <file>rts430x_lc_rd_eabi.lib</file>
         <name>asr64.c.obj</name>
      </input_file>
      <input_file id="fl-75">
         <path>C:\ti\ccs1240\ccs\tools\compiler\ti-cgt-msp430_21.6.1.LTS\lib\</path>
         <kind>archive</kind>
         <file>rts430x_lc_rd_eabi.lib</file>
         <name>lsl64.c.obj</name>
      </input_file>
      <input_file id="fl-76">
         <path>C:\ti\ccs1240\ccs\tools\compiler\ti-cgt-msp430_21.6.1.LTS\lib\</path>
         <kind>archive</kind>
         <file>rts430x_lc_rd_eabi.lib</file>
         <name>frcmpyd.c.obj</name>
      </input_file>
      <input_file id="fl-77">
         <path>C:\ti\ccs1240\ccs\tools\compiler\ti-cgt-msp430_21.6.1.LTS\lib\</path>
         <kind>archive</kind>
         <file>rts430x_lc_rd_eabi.lib</file>
         <name>hostclose.c.obj</name>
      </input_file>
      <input_file id="fl-78">
         <path>C:\ti\ccs1240\ccs\tools\compiler\ti-cgt-msp430_21.6.1.LTS\lib\</path>
         <kind>archive</kind>
         <file>rts430x_lc_rd_eabi.lib</file>
         <name>hostlseek.c.obj</name>
      </input_file>
      <input_file id="fl-79">
         <path>C:\ti\ccs1240\ccs\tools\compiler\ti-cgt-msp430_21.6.1.LTS\lib\</path>
         <kind>archive</kind>
         <file>rts430x_lc_rd_eabi.lib</file>
         <name>hostopen.c.obj</name>
      </input_file>
      <input_file id="fl-7a">
         <path>C:\ti\ccs1240\ccs\tools\compiler\ti-cgt-msp430_21.6.1.LTS\lib\</path>
         <kind>archive</kind>
         <file>rts430x_lc_rd_eabi.lib</file>
         <name>hostread.c.obj</name>
      </input_file>
      <input_file id="fl-7b">
         <path>C:\ti\ccs1240\ccs\tools\compiler\ti-cgt-msp430_21.6.1.LTS\lib\</path>
         <kind>archive</kind>
         <file>rts430x_lc_rd_eabi.lib</file>
         <name>hostrename.c.obj</name>
      </input_file>
      <input_file id="fl-7c">
         <path>C:\ti\ccs1240\ccs\tools\compiler\ti-cgt-msp430_21.6.1.LTS\lib\</path>
         <kind>archive</kind>
         <file>rts430x_lc_rd_eabi.lib</file>
         <name>hostunlink.c.obj</name>
      </input_file>
      <input_file id="fl-7d">
         <path>C:\ti\ccs1240\ccs\tools\compiler\ti-cgt-msp430_21.6.1.LTS\lib\</path>
         <kind>archive</kind>
         <file>rts430x_lc_rd_eabi.lib</file>
         <name>hostwrite.c.obj</name>
      </input_file>
      <input_file id="fl-7e">
         <path>C:\ti\ccs1240\ccs\tools\compiler\ti-cgt-msp430_21.6.1.LTS\lib\</path>
         <kind>archive</kind>
         <file>rts430x_lc_rd_eabi.lib</file>
         <name>trgmsg.c.obj</name>
      </input_file>
      <input_file id="fl-7f">
         <path>C:\ti\ccs1240\ccs\tools\compiler\ti-cgt-msp430_21.6.1.LTS\lib\</path>
         <kind>archive</kind>
         <file>rts430x_lc_rd_eabi.lib</file>
         <name>open.c.obj</name>
      </input_file>
      <input_file id="fl-80">
         <path>C:\ti\ccs1240\ccs\tools\compiler\ti-cgt-msp430_21.6.1.LTS\lib\</path>
         <kind>archive</kind>
         <file>rts430x_lc_rd_eabi.lib</file>
         <name>lseek.c.obj</name>
      </input_file>
      <input_file id="fl-81">
         <path>C:\ti\ccs1240\ccs\tools\compiler\ti-cgt-msp430_21.6.1.LTS\lib\</path>
         <kind>archive</kind>
         <file>rts430x_lc_rd_eabi.lib</file>
         <name>fclose.c.obj</name>
      </input_file>
      <input_file id="fl-82">
         <path>C:\ti\ccs1240\ccs\tools\compiler\ti-cgt-msp430_21.6.1.LTS\lib\</path>
         <kind>archive</kind>
         <file>rts430x_lc_rd_eabi.lib</file>
         <name>getdevice.c.obj</name>
      </input_file>
      <input_file id="fl-83">
         <path>C:\ti\ccs1240\ccs\tools\compiler\ti-cgt-msp430_21.6.1.LTS\lib\</path>
         <kind>archive</kind>
         <file>rts430x_lc_rd_eabi.lib</file>
         <name>div16s.asm.obj</name>
      </input_file>
      <input_file id="fl-84">
         <path>C:\ti\ccs1240\ccs\tools\compiler\ti-cgt-msp430_21.6.1.LTS\lib\</path>
         <kind>archive</kind>
         <file>rts430x_lc_rd_eabi.lib</file>
         <name>mult3264.asm.obj</name>
      </input_file>
      <input_file id="fl-85">
         <path>C:\ti\ccs1240\ccs\tools\compiler\ti-cgt-msp430_21.6.1.LTS\lib\</path>
         <kind>archive</kind>
         <file>rts430x_lc_rd_eabi.lib</file>
         <name>mult64.asm.obj</name>
      </input_file>
      <input_file id="fl-86">
         <path>C:\ti\ccs1240\ccs\tools\compiler\ti-cgt-msp430_21.6.1.LTS\lib\</path>
         <kind>archive</kind>
         <file>rts430x_lc_rd_eabi.lib</file>
         <name>strcmp.c.obj</name>
      </input_file>
      <input_file id="fl-87">
         <path>C:\ti\ccs1240\ccs\tools\compiler\ti-cgt-msp430_21.6.1.LTS\lib\</path>
         <kind>archive</kind>
         <file>rts430x_lc_rd_eabi.lib</file>
         <name>strcpy.c.obj</name>
      </input_file>
      <input_file id="fl-88">
         <path>C:\ti\ccs1240\ccs\tools\compiler\ti-cgt-msp430_21.6.1.LTS\lib\</path>
         <kind>archive</kind>
         <file>rts430x_lc_rd_eabi.lib</file>
         <name>strncpy.c.obj</name>
      </input_file>
      <input_file id="fl-89">
         <path>C:\ti\ccs1240\ccs\tools\compiler\ti-cgt-msp430_21.6.1.LTS\lib\</path>
         <kind>archive</kind>
         <file>rts430x_lc_rd_eabi.lib</file>
         <name>remove.c.obj</name>
      </input_file>
      <input_file id="fl-8a">
         <path>C:\ti\ccs1240\ccs\tools\compiler\ti-cgt-msp430_21.6.1.LTS\lib\</path>
         <kind>archive</kind>
         <file>rts430x_lc_rd_eabi.lib</file>
         <name>close.c.obj</name>
      </input_file>
      <input_file id="fl-8b">
         <path>C:\ti\ccs1240\ccs\tools\compiler\ti-cgt-msp430_21.6.1.LTS\lib\</path>
         <kind>archive</kind>
         <file>rts430x_lc_rd_eabi.lib</file>
         <name>mult1632.asm.obj</name>
      </input_file>
      <input_file id="fl-8c">
         <path>C:\ti\ccs1240\ccs\tools\compiler\ti-cgt-msp430_21.6.1.LTS\lib\</path>
         <kind>archive</kind>
         <file>rts430x_lc_rd_eabi.lib</file>
         <name>unlink.c.obj</name>
      </input_file>
   </input_file_list>
   <object_component_list>
      <object_component id="oc-45a">
         <name>.bss</name>
         <uninitialized>true</uninitialized>
         <run_address>0x145a</run_address>
         <size>0x4</size>
         <input_file_ref idref="fl-64"/>
      </object_component>
      <object_component id="oc-21a">
         <name>.common:i2fl</name>
         <uninitialized>true</uninitialized>
         <run_address>0x145e</run_address>
         <size>0x4</size>
      </object_component>
      <object_component id="oc-46f">
         <name>.common:__TI_tmpnams</name>
         <uninitialized>true</uninitialized>
         <run_address>0x13b2</run_address>
         <size>0xa0</size>
      </object_component>
      <object_component id="oc-47a">
         <name>.common:parmbuf</name>
         <uninitialized>true</uninitialized>
         <run_address>0x1452</run_address>
         <size>0x8</size>
      </object_component>
      <object_component id="oc-2ad">
         <name>.data:__TI_cleanup_ptr</name>
         <load_address>0x127c</load_address>
         <run_address>0x127c</run_address>
         <size>0x4</size>
         <input_file_ref idref="fl-45"/>
      </object_component>
      <object_component id="oc-2aa">
         <name>.data:__TI_dtors_ptr</name>
         <load_address>0x1280</load_address>
         <run_address>0x1280</run_address>
         <size>0x4</size>
         <input_file_ref idref="fl-45"/>
      </object_component>
      <object_component id="oc-2a7">
         <name>.data</name>
         <load_address>0x128e</load_address>
         <run_address>0x128e</run_address>
         <size>0x2</size>
         <input_file_ref idref="fl-5a"/>
      </object_component>
      <object_component id="oc-26d">
         <name>.data:_lock</name>
         <load_address>0x1284</load_address>
         <run_address>0x1284</run_address>
         <size>0x4</size>
         <input_file_ref idref="fl-5b"/>
      </object_component>
      <object_component id="oc-285">
         <name>.data:_unlock</name>
         <load_address>0x1288</load_address>
         <run_address>0x1288</run_address>
         <size>0x4</size>
         <input_file_ref idref="fl-5b"/>
      </object_component>
      <object_component id="oc-270">
         <name>.data:_ftable</name>
         <load_address>0x1100</load_address>
         <run_address>0x1100</run_address>
         <size>0xc8</size>
         <input_file_ref idref="fl-60"/>
      </object_component>
      <object_component id="oc-41e">
         <name>.data</name>
         <load_address>0x128c</load_address>
         <run_address>0x128c</run_address>
         <size>0x2</size>
         <input_file_ref idref="fl-60"/>
      </object_component>
      <object_component id="oc-45f">
         <name>.data</name>
         <load_address>0x1290</load_address>
         <run_address>0x1290</run_address>
         <size>0x2</size>
         <input_file_ref idref="fl-64"/>
      </object_component>
      <object_component id="oc-3de">
         <name>.data:_device</name>
         <load_address>0x11c8</load_address>
         <run_address>0x11c8</run_address>
         <size>0x78</size>
         <input_file_ref idref="fl-6b"/>
      </object_component>
      <object_component id="oc-398">
         <name>.data:_stream</name>
         <load_address>0x1240</load_address>
         <run_address>0x1240</run_address>
         <size>0x3c</size>
         <input_file_ref idref="fl-6b"/>
      </object_component>
      <object_component id="oc-160">
         <name>.sysmem</name>
         <uninitialized>true</uninitialized>
         <run_address>0x1464</run_address>
         <size>0x8</size>
         <input_file_ref idref="fl-64"/>
      </object_component>
      <object_component id="oc-553">
         <name>.sysmem</name>
         <uninitialized>true</uninitialized>
         <run_address>0x1464</run_address>
         <size>0x0</size>
      </object_component>
      <object_component id="oc-15c">
         <name>.stack</name>
         <uninitialized>true</uninitialized>
         <run_address>0x30b0</run_address>
         <size>0x4</size>
         <input_file_ref idref="fl-42"/>
      </object_component>
      <object_component id="oc-552">
         <name>.stack</name>
         <uninitialized>true</uninitialized>
         <run_address>0x30b0</run_address>
         <size>0x0</size>
      </object_component>
      <object_component id="oc-2f4">
         <name>.text:__TI_printfi_minimal:_setfield___TI_printfi_minimal</name>
         <load_address>0x10000</load_address>
         <run_address>0x10000</run_address>
         <size>0x132</size>
         <input_file_ref idref="fl-1e"/>
      </object_component>
      <object_component id="oc-1df">
         <name>.text:main</name>
         <load_address>0x10132</load_address>
         <run_address>0x10132</run_address>
         <size>0x128</size>
         <input_file_ref idref="fl-2"/>
      </object_component>
      <object_component id="oc-411">
         <name>.text:aligned_alloc</name>
         <load_address>0x1025a</load_address>
         <run_address>0x1025a</run_address>
         <size>0x112</size>
         <input_file_ref idref="fl-64"/>
      </object_component>
      <object_component id="oc-2e0">
         <name>.text:fputs</name>
         <load_address>0x1036c</load_address>
         <run_address>0x1036c</run_address>
         <size>0xf0</size>
         <input_file_ref idref="fl-20"/>
      </object_component>
      <object_component id="oc-3bf">
         <name>.text:free</name>
         <load_address>0x1045c</load_address>
         <run_address>0x1045c</run_address>
         <size>0xe2</size>
         <input_file_ref idref="fl-64"/>
      </object_component>
      <object_component id="oc-38c">
         <name>.text:setvbuf</name>
         <load_address>0x1053e</load_address>
         <run_address>0x1053e</run_address>
         <size>0xde</size>
         <input_file_ref idref="fl-22"/>
      </object_component>
      <object_component id="oc-27f">
         <name>.text:__TI_printfi_minimal:__TI_printfi_minimal</name>
         <load_address>0x1061c</load_address>
         <run_address>0x1061c</run_address>
         <size>0xdc</size>
         <input_file_ref idref="fl-1e"/>
      </object_component>
      <object_component id="oc-362">
         <name>.text:__TI_printfi_minimal:_pproc_diouxp___TI_printfi_minimal</name>
         <load_address>0x106f8</load_address>
         <run_address>0x106f8</run_address>
         <size>0xda</size>
         <input_file_ref idref="fl-1e"/>
      </object_component>
      <object_component id="oc-43c">
         <name>.text:HOSTlseek</name>
         <load_address>0x107d2</load_address>
         <run_address>0x107d2</run_address>
         <size>0x9a</size>
         <input_file_ref idref="fl-78"/>
      </object_component>
      <object_component id="oc-2e7">
         <name>.text:fputc</name>
         <load_address>0x1086c</load_address>
         <run_address>0x1086c</run_address>
         <size>0x90</size>
         <input_file_ref idref="fl-1f"/>
      </object_component>
      <object_component id="oc-33d">
         <name>.text:__TI_wrt_ok</name>
         <load_address>0x108fc</load_address>
         <run_address>0x108fc</run_address>
         <size>0x7e</size>
         <input_file_ref idref="fl-21"/>
      </object_component>
      <object_component id="oc-47">
         <name>.text:decompress:lzss:__TI_decompress_lzss</name>
         <load_address>0x1097a</load_address>
         <run_address>0x1097a</run_address>
         <size>0x76</size>
         <input_file_ref idref="fl-4d"/>
      </object_component>
      <object_component id="oc-448">
         <name>.text:HOSTrename</name>
         <load_address>0x109f0</load_address>
         <run_address>0x109f0</run_address>
         <size>0x74</size>
         <input_file_ref idref="fl-7b"/>
      </object_component>
      <object_component id="oc-418">
         <name>.text:__TI_closefile</name>
         <load_address>0x10a64</load_address>
         <run_address>0x10a64</run_address>
         <size>0x74</size>
         <input_file_ref idref="fl-81"/>
      </object_component>
      <object_component id="oc-462">
         <name>.text:split</name>
         <load_address>0x10ad8</load_address>
         <run_address>0x10ad8</run_address>
         <size>0x74</size>
         <input_file_ref idref="fl-64"/>
      </object_component>
      <object_component id="oc-424">
         <name>.text:HOSTopen</name>
         <load_address>0x10b4c</load_address>
         <run_address>0x10b4c</run_address>
         <size>0x70</size>
         <input_file_ref idref="fl-79"/>
      </object_component>
      <object_component id="oc-436">
         <name>.text:HOSTwrite</name>
         <load_address>0x10bbc</load_address>
         <run_address>0x10bbc</run_address>
         <size>0x6c</size>
         <input_file_ref idref="fl-7d"/>
      </object_component>
      <object_component id="oc-430">
         <name>.text:HOSTread</name>
         <load_address>0x10c28</load_address>
         <run_address>0x10c28</run_address>
         <size>0x6a</size>
         <input_file_ref idref="fl-7a"/>
      </object_component>
      <object_component id="oc-386">
         <name>.text:fseeko</name>
         <load_address>0x10c92</load_address>
         <run_address>0x10c92</run_address>
         <size>0x6a</size>
         <input_file_ref idref="fl-6f"/>
      </object_component>
      <object_component id="oc-349">
         <name>.text:__TI_doflush</name>
         <load_address>0x10cfc</load_address>
         <run_address>0x10cfc</run_address>
         <size>0x64</size>
         <input_file_ref idref="fl-6d"/>
      </object_component>
      <object_component id="oc-222">
         <name>.text:__mspabi_cvtfd</name>
         <load_address>0x10d60</load_address>
         <run_address>0x10d60</run_address>
         <size>0x64</size>
         <input_file_ref idref="fl-50"/>
      </object_component>
      <object_component id="oc-469">
         <name>.text:close</name>
         <load_address>0x10dc4</load_address>
         <run_address>0x10dc4</run_address>
         <size>0x5a</size>
         <input_file_ref idref="fl-8a"/>
      </object_component>
      <object_component id="oc-4a3">
         <name>.text:getdevice</name>
         <load_address>0x10e1e</load_address>
         <run_address>0x10e1e</run_address>
         <size>0x5a</size>
         <input_file_ref idref="fl-82"/>
      </object_component>
      <object_component id="oc-252">
         <name>.text:__TI_auto_init_nobinit_nopinit_hold_wdt:__TI_auto_init_nobinit_nopinit_hold_wdt</name>
         <load_address>0x10e78</load_address>
         <run_address>0x10e78</run_address>
         <size>0x54</size>
         <input_file_ref idref="fl-43"/>
      </object_component>
      <object_component id="oc-42a">
         <name>.text:HOSTclose</name>
         <load_address>0x10ecc</load_address>
         <run_address>0x10ecc</run_address>
         <size>0x4e</size>
         <input_file_ref idref="fl-77"/>
      </object_component>
      <object_component id="oc-234">
         <name>.text:exit</name>
         <load_address>0x10f1a</load_address>
         <run_address>0x10f1a</run_address>
         <size>0x4a</size>
         <input_file_ref idref="fl-5a"/>
      </object_component>
      <object_component id="oc-214">
         <name>.text:printf</name>
         <load_address>0x10f64</load_address>
         <run_address>0x10f64</run_address>
         <size>0x4a</size>
         <input_file_ref idref="fl-1d"/>
      </object_component>
      <object_component id="oc-2fa">
         <name>.text:__TI_printfi_minimal:_pproc_str___TI_printfi_minimal</name>
         <load_address>0x10fae</load_address>
         <run_address>0x10fae</run_address>
         <size>0x48</size>
         <input_file_ref idref="fl-1e"/>
      </object_component>
      <object_component id="oc-442">
         <name>.text:HOSTunlink</name>
         <load_address>0x10ff6</load_address>
         <run_address>0x10ff6</run_address>
         <size>0x46</size>
         <input_file_ref idref="fl-7c"/>
      </object_component>
      <object_component id="oc-296">
         <name>.text:l_asr_const</name>
         <load_address>0x1103c</load_address>
         <run_address>0x1103c</run_address>
         <size>0x3e</size>
         <input_file_ref idref="fl-70"/>
      </object_component>
      <object_component id="oc-21d">
         <name>.text:l_lsl_const</name>
         <load_address>0x1107a</load_address>
         <run_address>0x1107a</run_address>
         <size>0x3e</size>
         <input_file_ref idref="fl-3b"/>
      </object_component>
      <object_component id="oc-3b2">
         <name>.text:lseek</name>
         <load_address>0x110b8</load_address>
         <run_address>0x110b8</run_address>
         <size>0x3e</size>
         <input_file_ref idref="fl-80"/>
      </object_component>
      <object_component id="oc-34f">
         <name>.text:write</name>
         <load_address>0x110f6</load_address>
         <run_address>0x110f6</run_address>
         <size>0x3c</size>
         <input_file_ref idref="fl-6a"/>
      </object_component>
      <object_component id="oc-3cb">
         <name>.text:__TI_cleanup</name>
         <load_address>0x11132</load_address>
         <run_address>0x11132</run_address>
         <size>0x36</size>
         <input_file_ref idref="fl-6e"/>
      </object_component>
      <object_component id="oc-47d">
         <name>.text:__TI_writemsg</name>
         <load_address>0x11168</load_address>
         <run_address>0x11168</run_address>
         <size>0x36</size>
         <input_file_ref idref="fl-7e"/>
      </object_component>
      <object_component id="oc-483">
         <name>.text:__TI_readmsg</name>
         <load_address>0x1119e</load_address>
         <run_address>0x1119e</run_address>
         <size>0x32</size>
         <input_file_ref idref="fl-7e"/>
      </object_component>
      <object_component id="oc-4cb">
         <name>.text:strncpy</name>
         <load_address>0x111d0</load_address>
         <run_address>0x111d0</run_address>
         <size>0x32</size>
         <input_file_ref idref="fl-88"/>
      </object_component>
      <object_component id="oc-470">
         <name>.text:unlink</name>
         <load_address>0x11202</load_address>
         <run_address>0x11202</run_address>
         <size>0x30</size>
         <input_file_ref idref="fl-8c"/>
      </object_component>
      <object_component id="oc-4d1">
         <name>.text:finddevice</name>
         <load_address>0x11232</load_address>
         <run_address>0x11232</run_address>
         <size>0x2e</size>
         <input_file_ref idref="fl-82"/>
      </object_component>
      <object_component id="oc-40a">
         <name>.text:free_list_insert</name>
         <load_address>0x11260</load_address>
         <run_address>0x11260</run_address>
         <size>0x2c</size>
         <input_file_ref idref="fl-64"/>
      </object_component>
      <object_component id="oc-404">
         <name>.text:free_list_remove</name>
         <load_address>0x1128c</load_address>
         <run_address>0x1128c</run_address>
         <size>0x2a</size>
         <input_file_ref idref="fl-64"/>
      </object_component>
      <object_component id="oc-368">
         <name>.text:memccpy</name>
         <load_address>0x112b6</load_address>
         <run_address>0x112b6</run_address>
         <size>0x26</size>
         <input_file_ref idref="fl-61"/>
      </object_component>
      <object_component id="oc-180">
         <name>.text:decompress:ZI:__TI_zero_init_nomemset:__TI_zero_init_nomemset</name>
         <load_address>0x112dc</load_address>
         <run_address>0x112dc</run_address>
         <size>0x24</size>
         <input_file_ref idref="fl-44"/>
      </object_component>
      <object_component id="oc-4c5">
         <name>.text:strchr</name>
         <load_address>0x11300</load_address>
         <run_address>0x11300</run_address>
         <size>0x1c</size>
         <input_file_ref idref="fl-66"/>
      </object_component>
      <object_component id="oc-4ea">
         <name>.text:strcmp</name>
         <load_address>0x1131c</load_address>
         <run_address>0x1131c</run_address>
         <size>0x1c</size>
         <input_file_ref idref="fl-86"/>
      </object_component>
      <object_component id="oc-32c">
         <name>.text</name>
         <load_address>0x11338</load_address>
         <run_address>0x11338</run_address>
         <size>0x18</size>
         <input_file_ref idref="fl-3d"/>
      </object_component>
      <object_component id="oc-3fe">
         <name>.text:heap_start</name>
         <load_address>0x11350</load_address>
         <run_address>0x11350</run_address>
         <size>0x16</size>
         <input_file_ref idref="fl-64"/>
      </object_component>
      <object_component id="oc-343">
         <name>.text:memchr</name>
         <load_address>0x11366</load_address>
         <run_address>0x11366</run_address>
         <size>0x16</size>
         <input_file_ref idref="fl-62"/>
      </object_component>
      <object_component id="oc-35b">
         <name>.text:memset</name>
         <load_address>0x1137c</load_address>
         <run_address>0x1137c</run_address>
         <size>0x16</size>
         <input_file_ref idref="fl-65"/>
      </object_component>
      <object_component id="oc-3a5">
         <name>.text</name>
         <load_address>0x11392</load_address>
         <run_address>0x11392</run_address>
         <size>0x16</size>
         <input_file_ref idref="fl-27"/>
      </object_component>
      <object_component id="oc-16e">
         <name>.text:memcpy</name>
         <load_address>0x113a8</load_address>
         <run_address>0x113a8</run_address>
         <size>0x14</size>
         <input_file_ref idref="fl-63"/>
      </object_component>
      <object_component id="oc-4d">
         <name>.text:decompress:none:__TI_decompress_none</name>
         <load_address>0x113bc</load_address>
         <run_address>0x113bc</run_address>
         <size>0x12</size>
         <input_file_ref idref="fl-4c"/>
      </object_component>
      <object_component id="oc-494">
         <name>.text:strcpy</name>
         <load_address>0x113ce</load_address>
         <run_address>0x113ce</run_address>
         <size>0x12</size>
         <input_file_ref idref="fl-87"/>
      </object_component>
      <object_component id="oc-2ee">
         <name>.text:strlen</name>
         <load_address>0x113e0</load_address>
         <run_address>0x113e0</run_address>
         <size>0xe</size>
         <input_file_ref idref="fl-67"/>
      </object_component>
      <object_component id="oc-3c5">
         <name>.text:malloc</name>
         <load_address>0x113ee</load_address>
         <run_address>0x113ee</run_address>
         <size>0x8</size>
         <input_file_ref idref="fl-64"/>
      </object_component>
      <object_component id="oc-279">
         <name>.text:_outc</name>
         <load_address>0x113f6</load_address>
         <run_address>0x113f6</run_address>
         <size>0x6</size>
         <input_file_ref idref="fl-1d"/>
      </object_component>
      <object_component id="oc-22e">
         <name>.text:abort</name>
         <load_address>0x113fc</load_address>
         <run_address>0x113fc</run_address>
         <size>0x6</size>
         <input_file_ref idref="fl-5a"/>
      </object_component>
      <object_component id="oc-273">
         <name>.text:_outs</name>
         <load_address>0x11402</load_address>
         <run_address>0x11402</run_address>
         <size>0x4</size>
         <input_file_ref idref="fl-1d"/>
      </object_component>
      <object_component id="oc-1d9">
         <name>.text:_system_pre_init</name>
         <load_address>0x11406</load_address>
         <run_address>0x11406</run_address>
         <size>0x4</size>
         <input_file_ref idref="fl-4a"/>
      </object_component>
      <object_component id="oc-2d3">
         <name>.text:_nop</name>
         <load_address>0x1140a</load_address>
         <run_address>0x1140a</run_address>
         <size>0x2</size>
         <input_file_ref idref="fl-5b"/>
      </object_component>
      <object_component id="oc-2b2">
         <name>.text:_system_post_cinit</name>
         <load_address>0x1140c</load_address>
         <run_address>0x1140c</run_address>
         <size>0x2</size>
         <input_file_ref idref="fl-4b"/>
      </object_component>
      <object_component id="oc-192">
         <name>.text:_isr:_c_int00_noargs</name>
         <load_address>0x3100</load_address>
         <run_address>0x3100</run_address>
         <size>0x1c</size>
         <input_file_ref idref="fl-42"/>
      </object_component>
      <object_component id="oc-17b">
         <name>.text:_isr:__TI_ISR_TRAP</name>
         <load_address>0x311c</load_address>
         <run_address>0x311c</run_address>
         <size>0x8</size>
         <input_file_ref idref="fl-3a"/>
      </object_component>
      <object_component id="oc-551">
         <name>.cinit..data.load</name>
         <load_address>0x314e</load_address>
         <run_address>0x314e</run_address>
         <size>0x54</size>
      </object_component>
      <object_component id="oc-54e">
         <name>__TI_handler_table</name>
         <load_address>0x31a2</load_address>
         <run_address>0x31a2</run_address>
         <size>0xc</size>
      </object_component>
      <object_component id="oc-550">
         <name>.cinit..bss.load</name>
         <load_address>0x31ae</load_address>
         <run_address>0x31ae</run_address>
         <size>0x6</size>
      </object_component>
      <object_component id="oc-54f">
         <name>__TI_cinit_table</name>
         <load_address>0x31b4</load_address>
         <run_address>0x31b4</run_address>
         <size>0x10</size>
      </object_component>
      <object_component id="oc-361">
         <name>.const:.string</name>
         <load_address>0x3124</load_address>
         <run_address>0x3124</run_address>
         <size>0x26</size>
         <input_file_ref idref="fl-1e"/>
      </object_component>
      <object_component id="oc-213">
         <name>.const:.string</name>
         <load_address>0x314a</load_address>
         <run_address>0x314a</run_address>
         <size>0x4</size>
         <input_file_ref idref="fl-2"/>
      </object_component>
      <object_component id="oc-4af">
         <name>.cio</name>
         <uninitialized>true</uninitialized>
         <run_address>0x1292</run_address>
         <size>0x120</size>
         <input_file_ref idref="fl-7e"/>
      </object_component>
      <object_component id="oc-501">
         <name>.binit</name>
         <load_address>0x3100</load_address>
         <run_address>0x3100</run_address>
         <size>0x0</size>
      </object_component>
      <object_component id="oc-53">
         <name>.int14</name>
         <load_address>0xffdc</load_address>
         <run_address>0xffdc</run_address>
         <size>0x2</size>
         <input_file_ref idref="fl-29"/>
      </object_component>
      <object_component id="oc-54">
         <name>.int15</name>
         <load_address>0xffde</load_address>
         <run_address>0xffde</run_address>
         <size>0x2</size>
         <input_file_ref idref="fl-2a"/>
      </object_component>
      <object_component id="oc-55">
         <name>.int16</name>
         <load_address>0xffe0</load_address>
         <run_address>0xffe0</run_address>
         <size>0x2</size>
         <input_file_ref idref="fl-2b"/>
      </object_component>
      <object_component id="oc-56">
         <name>.int17</name>
         <load_address>0xffe2</load_address>
         <run_address>0xffe2</run_address>
         <size>0x2</size>
         <input_file_ref idref="fl-2c"/>
      </object_component>
      <object_component id="oc-57">
         <name>.int18</name>
         <load_address>0xffe4</load_address>
         <run_address>0xffe4</run_address>
         <size>0x2</size>
         <input_file_ref idref="fl-2d"/>
      </object_component>
      <object_component id="oc-58">
         <name>.int19</name>
         <load_address>0xffe6</load_address>
         <run_address>0xffe6</run_address>
         <size>0x2</size>
         <input_file_ref idref="fl-2e"/>
      </object_component>
      <object_component id="oc-59">
         <name>.int20</name>
         <load_address>0xffe8</load_address>
         <run_address>0xffe8</run_address>
         <size>0x2</size>
         <input_file_ref idref="fl-2f"/>
      </object_component>
      <object_component id="oc-5a">
         <name>.int21</name>
         <load_address>0xffea</load_address>
         <run_address>0xffea</run_address>
         <size>0x2</size>
         <input_file_ref idref="fl-30"/>
      </object_component>
      <object_component id="oc-5b">
         <name>.int22</name>
         <load_address>0xffec</load_address>
         <run_address>0xffec</run_address>
         <size>0x2</size>
         <input_file_ref idref="fl-31"/>
      </object_component>
      <object_component id="oc-5c">
         <name>.int23</name>
         <load_address>0xffee</load_address>
         <run_address>0xffee</run_address>
         <size>0x2</size>
         <input_file_ref idref="fl-32"/>
      </object_component>
      <object_component id="oc-5d">
         <name>.int24</name>
         <load_address>0xfff0</load_address>
         <run_address>0xfff0</run_address>
         <size>0x2</size>
         <input_file_ref idref="fl-33"/>
      </object_component>
      <object_component id="oc-5e">
         <name>.int25</name>
         <load_address>0xfff2</load_address>
         <run_address>0xfff2</run_address>
         <size>0x2</size>
         <input_file_ref idref="fl-34"/>
      </object_component>
      <object_component id="oc-5f">
         <name>.int26</name>
         <load_address>0xfff4</load_address>
         <run_address>0xfff4</run_address>
         <size>0x2</size>
         <input_file_ref idref="fl-35"/>
      </object_component>
      <object_component id="oc-60">
         <name>.int27</name>
         <load_address>0xfff6</load_address>
         <run_address>0xfff6</run_address>
         <size>0x2</size>
         <input_file_ref idref="fl-36"/>
      </object_component>
      <object_component id="oc-61">
         <name>.int28</name>
         <load_address>0xfff8</load_address>
         <run_address>0xfff8</run_address>
         <size>0x2</size>
         <input_file_ref idref="fl-37"/>
      </object_component>
      <object_component id="oc-62">
         <name>.int29</name>
         <load_address>0xfffa</load_address>
         <run_address>0xfffa</run_address>
         <size>0x2</size>
         <input_file_ref idref="fl-38"/>
      </object_component>
      <object_component id="oc-63">
         <name>.int30</name>
         <load_address>0xfffc</load_address>
         <run_address>0xfffc</run_address>
         <size>0x2</size>
         <input_file_ref idref="fl-39"/>
      </object_component>
      <object_component id="oc-15f">
         <name>.reset</name>
         <load_address>0xfffe</load_address>
         <run_address>0xfffe</run_address>
         <size>0x2</size>
         <input_file_ref idref="fl-42"/>
      </object_component>
      <object_component id="oc-21b">
         <name>.debug_info</name>
         <load_address>0x0</load_address>
         <run_address>0x0</run_address>
         <size>0x237</size>
         <input_file_ref idref="fl-2"/>
      </object_component>
      <object_component id="oc-1e2">
         <name>.debug_info</name>
         <load_address>0x237</load_address>
         <run_address>0x237</run_address>
         <size>0x15f</size>
         <input_file_ref idref="fl-2"/>
      </object_component>
      <object_component id="oc-28c">
         <name>.debug_info</name>
         <load_address>0x396</load_address>
         <run_address>0x396</run_address>
         <size>0x26b</size>
         <input_file_ref idref="fl-2"/>
      </object_component>
      <object_component id="oc-291">
         <name>.debug_info</name>
         <load_address>0x601</load_address>
         <run_address>0x601</run_address>
         <size>0x51</size>
         <input_file_ref idref="fl-2"/>
      </object_component>
      <object_component id="oc-169">
         <name>.debug_info</name>
         <load_address>0x652</load_address>
         <run_address>0x652</run_address>
         <size>0x84</size>
         <input_file_ref idref="fl-2"/>
      </object_component>
      <object_component id="oc-2a1">
         <name>.debug_info</name>
         <load_address>0x6d6</load_address>
         <run_address>0x6d6</run_address>
         <size>0x282</size>
         <input_file_ref idref="fl-2"/>
      </object_component>
      <object_component id="oc-229">
         <name>.debug_info</name>
         <load_address>0x958</load_address>
         <run_address>0x958</run_address>
         <size>0xbb</size>
         <input_file_ref idref="fl-2"/>
      </object_component>
      <object_component id="oc-302">
         <name>.debug_info</name>
         <load_address>0xa13</load_address>
         <run_address>0xa13</run_address>
         <size>0x2c</size>
         <input_file_ref idref="fl-2"/>
      </object_component>
      <object_component id="oc-289">
         <name>.debug_info</name>
         <load_address>0xa3f</load_address>
         <run_address>0xa3f</run_address>
         <size>0x2d6</size>
         <input_file_ref idref="fl-1d"/>
      </object_component>
      <object_component id="oc-27b">
         <name>.debug_info</name>
         <load_address>0xd15</load_address>
         <run_address>0xd15</run_address>
         <size>0x162</size>
         <input_file_ref idref="fl-1d"/>
      </object_component>
      <object_component id="oc-276">
         <name>.debug_info</name>
         <load_address>0xe77</load_address>
         <run_address>0xe77</run_address>
         <size>0x166</size>
         <input_file_ref idref="fl-1d"/>
      </object_component>
      <object_component id="oc-218">
         <name>.debug_info</name>
         <load_address>0xfdd</load_address>
         <run_address>0xfdd</run_address>
         <size>0x184</size>
         <input_file_ref idref="fl-1d"/>
      </object_component>
      <object_component id="oc-310">
         <name>.debug_info</name>
         <load_address>0x1161</load_address>
         <run_address>0x1161</run_address>
         <size>0xb2</size>
         <input_file_ref idref="fl-1d"/>
      </object_component>
      <object_component id="oc-301">
         <name>.debug_info</name>
         <load_address>0x1213</load_address>
         <run_address>0x1213</run_address>
         <size>0x49d</size>
         <input_file_ref idref="fl-1e"/>
      </object_component>
      <object_component id="oc-363">
         <name>.debug_info</name>
         <load_address>0x16b0</load_address>
         <run_address>0x16b0</run_address>
         <size>0x2d3</size>
         <input_file_ref idref="fl-1e"/>
      </object_component>
      <object_component id="oc-2f5">
         <name>.debug_info</name>
         <load_address>0x1983</load_address>
         <run_address>0x1983</run_address>
         <size>0x2dc</size>
         <input_file_ref idref="fl-1e"/>
      </object_component>
      <object_component id="oc-2fb">
         <name>.debug_info</name>
         <load_address>0x1c5f</load_address>
         <run_address>0x1c5f</run_address>
         <size>0x264</size>
         <input_file_ref idref="fl-1e"/>
      </object_component>
      <object_component id="oc-280">
         <name>.debug_info</name>
         <load_address>0x1ec3</load_address>
         <run_address>0x1ec3</run_address>
         <size>0x30f</size>
         <input_file_ref idref="fl-1e"/>
      </object_component>
      <object_component id="oc-307">
         <name>.debug_info</name>
         <load_address>0x21d2</load_address>
         <run_address>0x21d2</run_address>
         <size>0x86</size>
         <input_file_ref idref="fl-1e"/>
      </object_component>
      <object_component id="oc-3ab">
         <name>.debug_info</name>
         <load_address>0x2258</load_address>
         <run_address>0x2258</run_address>
         <size>0xa1</size>
         <input_file_ref idref="fl-1e"/>
      </object_component>
      <object_component id="oc-377">
         <name>.debug_info</name>
         <load_address>0x22f9</load_address>
         <run_address>0x22f9</run_address>
         <size>0x39</size>
         <input_file_ref idref="fl-1e"/>
      </object_component>
      <object_component id="oc-372">
         <name>.debug_info</name>
         <load_address>0x2332</load_address>
         <run_address>0x2332</run_address>
         <size>0x2c</size>
         <input_file_ref idref="fl-1e"/>
      </object_component>
      <object_component id="oc-452">
         <name>.debug_info</name>
         <load_address>0x235e</load_address>
         <run_address>0x235e</run_address>
         <size>0x7a</size>
         <input_file_ref idref="fl-1e"/>
      </object_component>
      <object_component id="oc-3f3">
         <name>.debug_info</name>
         <load_address>0x23d8</load_address>
         <run_address>0x23d8</run_address>
         <size>0x46</size>
         <input_file_ref idref="fl-1e"/>
      </object_component>
      <object_component id="oc-358">
         <name>.debug_info</name>
         <load_address>0x241e</load_address>
         <run_address>0x241e</run_address>
         <size>0x26a</size>
         <input_file_ref idref="fl-1f"/>
      </object_component>
      <object_component id="oc-2eb">
         <name>.debug_info</name>
         <load_address>0x2688</load_address>
         <run_address>0x2688</run_address>
         <size>0x1d0</size>
         <input_file_ref idref="fl-1f"/>
      </object_component>
      <object_component id="oc-356">
         <name>.debug_info</name>
         <load_address>0x2858</load_address>
         <run_address>0x2858</run_address>
         <size>0x2f2</size>
         <input_file_ref idref="fl-20"/>
      </object_component>
      <object_component id="oc-2e4">
         <name>.debug_info</name>
         <load_address>0x2b4a</load_address>
         <run_address>0x2b4a</run_address>
         <size>0x2c7</size>
         <input_file_ref idref="fl-20"/>
      </object_component>
      <object_component id="oc-1c9">
         <name>.debug_info</name>
         <load_address>0x2e11</load_address>
         <run_address>0x2e11</run_address>
         <size>0x2c</size>
         <input_file_ref idref="fl-20"/>
      </object_component>
      <object_component id="oc-393">
         <name>.debug_info</name>
         <load_address>0x2e3d</load_address>
         <run_address>0x2e3d</run_address>
         <size>0x1e7</size>
         <input_file_ref idref="fl-21"/>
      </object_component>
      <object_component id="oc-340">
         <name>.debug_info</name>
         <load_address>0x3024</load_address>
         <run_address>0x3024</run_address>
         <size>0x196</size>
         <input_file_ref idref="fl-21"/>
      </object_component>
      <object_component id="oc-3d3">
         <name>.debug_info</name>
         <load_address>0x31ba</load_address>
         <run_address>0x31ba</run_address>
         <size>0xbf</size>
         <input_file_ref idref="fl-21"/>
      </object_component>
      <object_component id="oc-3d2">
         <name>.debug_info</name>
         <load_address>0x3279</load_address>
         <run_address>0x3279</run_address>
         <size>0x25b</size>
         <input_file_ref idref="fl-22"/>
      </object_component>
      <object_component id="oc-38d">
         <name>.debug_info</name>
         <load_address>0x34d4</load_address>
         <run_address>0x34d4</run_address>
         <size>0x1fe</size>
         <input_file_ref idref="fl-22"/>
      </object_component>
      <object_component id="oc-3a6">
         <name>.debug_info</name>
         <load_address>0x36d2</load_address>
         <run_address>0x36d2</run_address>
         <size>0x121</size>
         <input_file_ref idref="fl-27"/>
      </object_component>
      <object_component id="oc-17e">
         <name>.debug_info</name>
         <load_address>0x37f3</load_address>
         <run_address>0x37f3</run_address>
         <size>0x10f</size>
         <input_file_ref idref="fl-3a"/>
      </object_component>
      <object_component id="oc-21e">
         <name>.debug_info</name>
         <load_address>0x3902</load_address>
         <run_address>0x3902</run_address>
         <size>0x126</size>
         <input_file_ref idref="fl-3b"/>
      </object_component>
      <object_component id="oc-32f">
         <name>.debug_info</name>
         <load_address>0x3a28</load_address>
         <run_address>0x3a28</run_address>
         <size>0x12a</size>
         <input_file_ref idref="fl-3d"/>
      </object_component>
      <object_component id="oc-15d">
         <name>.debug_info</name>
         <load_address>0x3b52</load_address>
         <run_address>0x3b52</run_address>
         <size>0x100</size>
         <input_file_ref idref="fl-42"/>
      </object_component>
      <object_component id="oc-194">
         <name>.debug_info</name>
         <load_address>0x3c52</load_address>
         <run_address>0x3c52</run_address>
         <size>0x17a</size>
         <input_file_ref idref="fl-42"/>
      </object_component>
      <object_component id="oc-2b9">
         <name>.debug_info</name>
         <load_address>0x3dcc</load_address>
         <run_address>0x3dcc</run_address>
         <size>0x3fc</size>
         <input_file_ref idref="fl-43"/>
      </object_component>
      <object_component id="oc-254">
         <name>.debug_info</name>
         <load_address>0x41c8</load_address>
         <run_address>0x41c8</run_address>
         <size>0x230</size>
         <input_file_ref idref="fl-43"/>
      </object_component>
      <object_component id="oc-322">
         <name>.debug_info</name>
         <load_address>0x43f8</load_address>
         <run_address>0x43f8</run_address>
         <size>0x39</size>
         <input_file_ref idref="fl-43"/>
      </object_component>
      <object_component id="oc-333">
         <name>.debug_info</name>
         <load_address>0x4431</load_address>
         <run_address>0x4431</run_address>
         <size>0x2c</size>
         <input_file_ref idref="fl-43"/>
      </object_component>
      <object_component id="oc-2c4">
         <name>.debug_info</name>
         <load_address>0x445d</load_address>
         <run_address>0x445d</run_address>
         <size>0x2c</size>
         <input_file_ref idref="fl-43"/>
      </object_component>
      <object_component id="oc-327">
         <name>.debug_info</name>
         <load_address>0x4489</load_address>
         <run_address>0x4489</run_address>
         <size>0xcd</size>
         <input_file_ref idref="fl-43"/>
      </object_component>
      <object_component id="oc-1d7">
         <name>.debug_info</name>
         <load_address>0x4556</load_address>
         <run_address>0x4556</run_address>
         <size>0x17f</size>
         <input_file_ref idref="fl-44"/>
      </object_component>
      <object_component id="oc-181">
         <name>.debug_info</name>
         <load_address>0x46d5</load_address>
         <run_address>0x46d5</run_address>
         <size>0x1d7</size>
         <input_file_ref idref="fl-44"/>
      </object_component>
      <object_component id="oc-1d2">
         <name>.debug_info</name>
         <load_address>0x48ac</load_address>
         <run_address>0x48ac</run_address>
         <size>0x46</size>
         <input_file_ref idref="fl-44"/>
      </object_component>
      <object_component id="oc-31a">
         <name>.debug_info</name>
         <load_address>0x48f2</load_address>
         <run_address>0x48f2</run_address>
         <size>0x103</size>
         <input_file_ref idref="fl-45"/>
      </object_component>
      <object_component id="oc-2ae">
         <name>.debug_info</name>
         <load_address>0x49f5</load_address>
         <run_address>0x49f5</run_address>
         <size>0x11a</size>
         <input_file_ref idref="fl-45"/>
      </object_component>
      <object_component id="oc-2ab">
         <name>.debug_info</name>
         <load_address>0x4b0f</load_address>
         <run_address>0x4b0f</run_address>
         <size>0x116</size>
         <input_file_ref idref="fl-45"/>
      </object_component>
      <object_component id="oc-1dc">
         <name>.debug_info</name>
         <load_address>0x4c25</load_address>
         <run_address>0x4c25</run_address>
         <size>0x153</size>
         <input_file_ref idref="fl-4a"/>
      </object_component>
      <object_component id="oc-2b3">
         <name>.debug_info</name>
         <load_address>0x4d78</load_address>
         <run_address>0x4d78</run_address>
         <size>0x150</size>
         <input_file_ref idref="fl-4b"/>
      </object_component>
      <object_component id="oc-17a">
         <name>.debug_info</name>
         <load_address>0x4ec8</load_address>
         <run_address>0x4ec8</run_address>
         <size>0x18f</size>
         <input_file_ref idref="fl-4c"/>
      </object_component>
      <object_component id="oc-51">
         <name>.debug_info</name>
         <load_address>0x5057</load_address>
         <run_address>0x5057</run_address>
         <size>0x1d3</size>
         <input_file_ref idref="fl-4c"/>
      </object_component>
      <object_component id="oc-175">
         <name>.debug_info</name>
         <load_address>0x522a</load_address>
         <run_address>0x522a</run_address>
         <size>0x46</size>
         <input_file_ref idref="fl-4c"/>
      </object_component>
      <object_component id="oc-1c6">
         <name>.debug_info</name>
         <load_address>0x5270</load_address>
         <run_address>0x5270</run_address>
         <size>0x17b</size>
         <input_file_ref idref="fl-4d"/>
      </object_component>
      <object_component id="oc-4a">
         <name>.debug_info</name>
         <load_address>0x53eb</load_address>
         <run_address>0x53eb</run_address>
         <size>0x250</size>
         <input_file_ref idref="fl-4d"/>
      </object_component>
      <object_component id="oc-164">
         <name>.debug_info</name>
         <load_address>0x563b</load_address>
         <run_address>0x563b</run_address>
         <size>0x60</size>
         <input_file_ref idref="fl-4d"/>
      </object_component>
      <object_component id="oc-207">
         <name>.debug_info</name>
         <load_address>0x569b</load_address>
         <run_address>0x569b</run_address>
         <size>0x46</size>
         <input_file_ref idref="fl-4d"/>
      </object_component>
      <object_component id="oc-1c1">
         <name>.debug_info</name>
         <load_address>0x56e1</load_address>
         <run_address>0x56e1</run_address>
         <size>0x39</size>
         <input_file_ref idref="fl-4d"/>
      </object_component>
      <object_component id="oc-223">
         <name>.debug_info</name>
         <load_address>0x571a</load_address>
         <run_address>0x571a</run_address>
         <size>0x19c</size>
         <input_file_ref idref="fl-50"/>
      </object_component>
      <object_component id="oc-29c">
         <name>.debug_info</name>
         <load_address>0x58b6</load_address>
         <run_address>0x58b6</run_address>
         <size>0xdb</size>
         <input_file_ref idref="fl-50"/>
      </object_component>
      <object_component id="oc-2b1">
         <name>.debug_info</name>
         <load_address>0x5991</load_address>
         <run_address>0x5991</run_address>
         <size>0x233</size>
         <input_file_ref idref="fl-5a"/>
      </object_component>
      <object_component id="oc-2a8">
         <name>.debug_info</name>
         <load_address>0x5bc4</load_address>
         <run_address>0x5bc4</run_address>
         <size>0x132</size>
         <input_file_ref idref="fl-5a"/>
      </object_component>
      <object_component id="oc-22f">
         <name>.debug_info</name>
         <load_address>0x5cf6</load_address>
         <run_address>0x5cf6</run_address>
         <size>0x122</size>
         <input_file_ref idref="fl-5a"/>
      </object_component>
      <object_component id="oc-235">
         <name>.debug_info</name>
         <load_address>0x5e18</load_address>
         <run_address>0x5e18</run_address>
         <size>0x197</size>
         <input_file_ref idref="fl-5a"/>
      </object_component>
      <object_component id="oc-2db">
         <name>.debug_info</name>
         <load_address>0x5faf</load_address>
         <run_address>0x5faf</run_address>
         <size>0x168</size>
         <input_file_ref idref="fl-5b"/>
      </object_component>
      <object_component id="oc-26e">
         <name>.debug_info</name>
         <load_address>0x6117</load_address>
         <run_address>0x6117</run_address>
         <size>0xff</size>
         <input_file_ref idref="fl-5b"/>
      </object_component>
      <object_component id="oc-286">
         <name>.debug_info</name>
         <load_address>0x6216</load_address>
         <run_address>0x6216</run_address>
         <size>0x103</size>
         <input_file_ref idref="fl-5b"/>
      </object_component>
      <object_component id="oc-2d5">
         <name>.debug_info</name>
         <load_address>0x6319</load_address>
         <run_address>0x6319</run_address>
         <size>0x12e</size>
         <input_file_ref idref="fl-5b"/>
      </object_component>
      <object_component id="oc-2de">
         <name>.debug_info</name>
         <load_address>0x6447</load_address>
         <run_address>0x6447</run_address>
         <size>0x13e</size>
         <input_file_ref idref="fl-60"/>
      </object_component>
      <object_component id="oc-271">
         <name>.debug_info</name>
         <load_address>0x6585</load_address>
         <run_address>0x6585</run_address>
         <size>0x102</size>
         <input_file_ref idref="fl-60"/>
      </object_component>
      <object_component id="oc-41f">
         <name>.debug_info</name>
         <load_address>0x6687</load_address>
         <run_address>0x6687</run_address>
         <size>0x10a</size>
         <input_file_ref idref="fl-60"/>
      </object_component>
      <object_component id="oc-3b1">
         <name>.debug_info</name>
         <load_address>0x6791</load_address>
         <run_address>0x6791</run_address>
         <size>0x18e</size>
         <input_file_ref idref="fl-61"/>
      </object_component>
      <object_component id="oc-36a">
         <name>.debug_info</name>
         <load_address>0x691f</load_address>
         <run_address>0x691f</run_address>
         <size>0x1b8</size>
         <input_file_ref idref="fl-61"/>
      </object_component>
      <object_component id="oc-395">
         <name>.debug_info</name>
         <load_address>0x6ad7</load_address>
         <run_address>0x6ad7</run_address>
         <size>0x187</size>
         <input_file_ref idref="fl-62"/>
      </object_component>
      <object_component id="oc-344">
         <name>.debug_info</name>
         <load_address>0x6c5e</load_address>
         <run_address>0x6c5e</run_address>
         <size>0x250</size>
         <input_file_ref idref="fl-62"/>
      </object_component>
      <object_component id="oc-1c8">
         <name>.debug_info</name>
         <load_address>0x6eae</load_address>
         <run_address>0x6eae</run_address>
         <size>0x19a</size>
         <input_file_ref idref="fl-63"/>
      </object_component>
      <object_component id="oc-170">
         <name>.debug_info</name>
         <load_address>0x7048</load_address>
         <run_address>0x7048</run_address>
         <size>0x17a</size>
         <input_file_ref idref="fl-63"/>
      </object_component>
      <object_component id="oc-1c0">
         <name>.debug_info</name>
         <load_address>0x71c2</load_address>
         <run_address>0x71c2</run_address>
         <size>0x243</size>
         <input_file_ref idref="fl-64"/>
      </object_component>
      <object_component id="oc-161">
         <name>.debug_info</name>
         <load_address>0x7405</load_address>
         <run_address>0x7405</run_address>
         <size>0x10c</size>
         <input_file_ref idref="fl-64"/>
      </object_component>
      <object_component id="oc-460">
         <name>.debug_info</name>
         <load_address>0x7511</load_address>
         <run_address>0x7511</run_address>
         <size>0x11f</size>
         <input_file_ref idref="fl-64"/>
      </object_component>
      <object_component id="oc-45b">
         <name>.debug_info</name>
         <load_address>0x7630</load_address>
         <run_address>0x7630</run_address>
         <size>0x105</size>
         <input_file_ref idref="fl-64"/>
      </object_component>
      <object_component id="oc-3c6">
         <name>.debug_info</name>
         <load_address>0x7735</load_address>
         <run_address>0x7735</run_address>
         <size>0x168</size>
         <input_file_ref idref="fl-64"/>
      </object_component>
      <object_component id="oc-3ff">
         <name>.debug_info</name>
         <load_address>0x789d</load_address>
         <run_address>0x789d</run_address>
         <size>0x15e</size>
         <input_file_ref idref="fl-64"/>
      </object_component>
      <object_component id="oc-405">
         <name>.debug_info</name>
         <load_address>0x79fb</load_address>
         <run_address>0x79fb</run_address>
         <size>0x18e</size>
         <input_file_ref idref="fl-64"/>
      </object_component>
      <object_component id="oc-40b">
         <name>.debug_info</name>
         <load_address>0x7b89</load_address>
         <run_address>0x7b89</run_address>
         <size>0x19f</size>
         <input_file_ref idref="fl-64"/>
      </object_component>
      <object_component id="oc-3c0">
         <name>.debug_info</name>
         <load_address>0x7d28</load_address>
         <run_address>0x7d28</run_address>
         <size>0x214</size>
         <input_file_ref idref="fl-64"/>
      </object_component>
      <object_component id="oc-463">
         <name>.debug_info</name>
         <load_address>0x7f3c</load_address>
         <run_address>0x7f3c</run_address>
         <size>0x1ec</size>
         <input_file_ref idref="fl-64"/>
      </object_component>
      <object_component id="oc-412">
         <name>.debug_info</name>
         <load_address>0x8128</load_address>
         <run_address>0x8128</run_address>
         <size>0x28b</size>
         <input_file_ref idref="fl-64"/>
      </object_component>
      <object_component id="oc-202">
         <name>.debug_info</name>
         <load_address>0x83b3</load_address>
         <run_address>0x83b3</run_address>
         <size>0xb2</size>
         <input_file_ref idref="fl-64"/>
      </object_component>
      <object_component id="oc-1fd">
         <name>.debug_info</name>
         <load_address>0x8465</load_address>
         <run_address>0x8465</run_address>
         <size>0x2c</size>
         <input_file_ref idref="fl-64"/>
      </object_component>
      <object_component id="oc-3a4">
         <name>.debug_info</name>
         <load_address>0x8491</load_address>
         <run_address>0x8491</run_address>
         <size>0x177</size>
         <input_file_ref idref="fl-65"/>
      </object_component>
      <object_component id="oc-35f">
         <name>.debug_info</name>
         <load_address>0x8608</load_address>
         <run_address>0x8608</run_address>
         <size>0x275</size>
         <input_file_ref idref="fl-65"/>
      </object_component>
      <object_component id="oc-4e7">
         <name>.debug_info</name>
[...]
         <value>0x31a2</value>
      </symbol>
      <symbol id="sm-fb">
         <name>__TI_Handler_Table_Limit</name>
         <value>0x31ae</value>
      </symbol>
      <symbol id="sm-fc">
         <name>__STACK_SIZE</name>
         <value>0x50</value>
      </symbol>
      <symbol id="sm-fd">
         <name>__STACK_END</name>
         <value>0x3100</value>
      </symbol>
      <symbol id="sm-fe">
         <name>__SYSMEM_SIZE</name>
         <value>0x50</value>
      </symbol>
      <symbol id="sm-ff">
         <name>__c_args__</name>
         <value>0xffffffff</value>
      </symbol>
      <symbol id="sm-100">
         <name>__TI_pprof_out_hndl</name>
         <value>0xffffffff</value>
      </symbol>
      <symbol id="sm-101">
         <name>__TI_prof_data_start</name>
         <value>0xffffffff</value>
      </symbol>
      <symbol id="sm-102">
         <name>__TI_prof_data_size</name>
         <value>0xffffffff</value>
      </symbol>
      <symbol id="sm-17a">
         <name>i2fl</name>
         <value>0x145e</value>
      </symbol>
      <symbol id="sm-17b">
         <name>main</name>
         <value>0x10132</value>
         <object_component_ref idref="oc-1df"/>
      </symbol>
      <symbol id="sm-19e">
         <name>printf</name>
         <value>0x10f64</value>
         <object_component_ref idref="oc-214"/>
      </symbol>
      <symbol id="sm-207">
         <name>__TI_printfi_minimal</name>
         <value>0x1061c</value>
         <object_component_ref idref="oc-27f"/>
      </symbol>
      <symbol id="sm-21a">
         <name>putc</name>
         <value>0x1086c</value>
         <object_component_ref idref="oc-2e7"/>
      </symbol>
      <symbol id="sm-21b">
         <name>fputc</name>
         <value>0x1086c</value>
         <object_component_ref idref="oc-2e7"/>
      </symbol>
      <symbol id="sm-238">
         <name>fputs</name>
         <value>0x1036c</value>
         <object_component_ref idref="oc-2e0"/>
      </symbol>
      <symbol id="sm-250">
         <name>__TI_wrt_ok</name>
         <value>0x108fc</value>
         <object_component_ref idref="oc-33d"/>
      </symbol>
      <symbol id="sm-268">
         <name>setvbuf</name>
         <value>0x1053e</value>
         <object_component_ref idref="oc-38c"/>
      </symbol>
      <symbol id="sm-276">
         <name>__mspabi_remu</name>
         <value>0x11392</value>
         <object_component_ref idref="oc-3a5"/>
      </symbol>
      <symbol id="sm-277">
         <name>__mspabi_divu</name>
         <value>0x11392</value>
         <object_component_ref idref="oc-3a5"/>
      </symbol>
      <symbol id="sm-27b">
         <name>__TI_int14</name>
         <value>0xffdc</value>
         <object_component_ref idref="oc-53"/>
      </symbol>
      <symbol id="sm-27e">
         <name>__TI_int15</name>
         <value>0xffde</value>
         <object_component_ref idref="oc-54"/>
      </symbol>
      <symbol id="sm-281">
         <name>__TI_int16</name>
         <value>0xffe0</value>
         <object_component_ref idref="oc-55"/>
      </symbol>
      <symbol id="sm-284">
         <name>__TI_int17</name>
         <value>0xffe2</value>
         <object_component_ref idref="oc-56"/>
      </symbol>
      <symbol id="sm-287">
         <name>__TI_int18</name>
         <value>0xffe4</value>
         <object_component_ref idref="oc-57"/>
      </symbol>
      <symbol id="sm-28a">
         <name>__TI_int19</name>
         <value>0xffe6</value>
         <object_component_ref idref="oc-58"/>
      </symbol>
      <symbol id="sm-28d">
         <name>__TI_int20</name>
         <value>0xffe8</value>
         <object_component_ref idref="oc-59"/>
      </symbol>
      <symbol id="sm-290">
         <name>__TI_int21</name>
         <value>0xffea</value>
         <object_component_ref idref="oc-5a"/>
      </symbol>
      <symbol id="sm-293">
         <name>__TI_int22</name>
         <value>0xffec</value>
         <object_component_ref idref="oc-5b"/>
      </symbol>
      <symbol id="sm-296">
         <name>__TI_int23</name>
         <value>0xffee</value>
         <object_component_ref idref="oc-5c"/>
      </symbol>
      <symbol id="sm-299">
         <name>__TI_int24</name>
         <value>0xfff0</value>
         <object_component_ref idref="oc-5d"/>
      </symbol>
      <symbol id="sm-29c">
         <name>__TI_int25</name>
         <value>0xfff2</value>
         <object_component_ref idref="oc-5e"/>
      </symbol>
      <symbol id="sm-29f">
         <name>__TI_int26</name>
         <value>0xfff4</value>
         <object_component_ref idref="oc-5f"/>
      </symbol>
      <symbol id="sm-2a2">
         <name>__TI_int27</name>
         <value>0xfff6</value>
         <object_component_ref idref="oc-60"/>
      </symbol>
      <symbol id="sm-2a5">
         <name>__TI_int28</name>
         <value>0xfff8</value>
         <object_component_ref idref="oc-61"/>
      </symbol>
      <symbol id="sm-2a8">
         <name>__TI_int29</name>
         <value>0xfffa</value>
         <object_component_ref idref="oc-62"/>
      </symbol>
      <symbol id="sm-2ab">
         <name>__TI_int30</name>
         <value>0xfffc</value>
         <object_component_ref idref="oc-63"/>
      </symbol>
      <symbol id="sm-2b3">
         <name>__TI_ISR_TRAP</name>
         <value>0x311c</value>
         <object_component_ref idref="oc-17b"/>
      </symbol>
      <symbol id="sm-2bb">
         <name>__mspabi_slll_9</name>
         <value>0x11092</value>
         <object_component_ref idref="oc-21d"/>
      </symbol>
      <symbol id="sm-2bc">
         <name>__mspabi_slll_8</name>
         <value>0x11096</value>
         <object_component_ref idref="oc-21d"/>
      </symbol>
      <symbol id="sm-2bd">
         <name>__mspabi_slll_7</name>
         <value>0x1109a</value>
         <object_component_ref idref="oc-21d"/>
      </symbol>
      <symbol id="sm-2be">
         <name>__mspabi_slll_6</name>
         <value>0x1109e</value>
         <object_component_ref idref="oc-21d"/>
      </symbol>
      <symbol id="sm-2bf">
         <name>__mspabi_slll_5</name>
         <value>0x110a2</value>
         <object_component_ref idref="oc-21d"/>
      </symbol>
      <symbol id="sm-2c0">
         <name>__mspabi_slll_4</name>
         <value>0x110a6</value>
         <object_component_ref idref="oc-21d"/>
      </symbol>
      <symbol id="sm-2c1">
         <name>__mspabi_slll_3</name>
         <value>0x110aa</value>
         <object_component_ref idref="oc-21d"/>
      </symbol>
      <symbol id="sm-2c2">
         <name>__mspabi_slll_2</name>
         <value>0x110ae</value>
         <object_component_ref idref="oc-21d"/>
      </symbol>
      <symbol id="sm-2c3">
         <name>__mspabi_slll_1</name>
         <value>0x110b2</value>
         <object_component_ref idref="oc-21d"/>
      </symbol>
      <symbol id="sm-2c4">
         <name>__mspabi_slll_15</name>
         <value>0x1107a</value>
         <object_component_ref idref="oc-21d"/>
      </symbol>
      <symbol id="sm-2c5">
         <name>__mspabi_slll_14</name>
         <value>0x1107e</value>
         <object_component_ref idref="oc-21d"/>
      </symbol>
      <symbol id="sm-2c6">
         <name>__mspabi_slll_13</name>
         <value>0x11082</value>
         <object_component_ref idref="oc-21d"/>
      </symbol>
      <symbol id="sm-2c7">
         <name>__mspabi_slll_12</name>
         <value>0x11086</value>
         <object_component_ref idref="oc-21d"/>
      </symbol>
      <symbol id="sm-2c8">
         <name>__mspabi_slll_11</name>
         <value>0x1108a</value>
         <object_component_ref idref="oc-21d"/>
      </symbol>
      <symbol id="sm-2c9">
         <name>__mspabi_slll_10</name>
         <value>0x1108e</value>
         <object_component_ref idref="oc-21d"/>
      </symbol>
      <symbol id="sm-2d2">
         <name>__mspabi_mpyi_hw</name>
         <value>0x11338</value>
         <object_component_ref idref="oc-32c"/>
      </symbol>
      <symbol id="sm-2e6">
         <name>_stack</name>
         <value>0x30b0</value>
         <object_component_ref idref="oc-15c"/>
      </symbol>
      <symbol id="sm-2e7">
         <name>_c_int00_noargs</name>
         <value>0x3100</value>
         <object_component_ref idref="oc-192"/>
      </symbol>
      <symbol id="sm-2e8">
         <name>_reset_vector</name>
         <value>0xfffe</value>
         <object_component_ref idref="oc-15f"/>
      </symbol>
      <symbol id="sm-30b">
         <name>__TI_auto_init_nobinit_nopinit_hold_wdt</name>
         <value>0x10e78</value>
         <object_component_ref idref="oc-252"/>
      </symbol>
      <symbol id="sm-31e">
         <name>__TI_zero_init_nomemset</name>
         <value>0x112dc</value>
         <object_component_ref idref="oc-180"/>
      </symbol>
      <symbol id="sm-32d">
         <name>__TI_dtors_ptr</name>
         <value>0x1280</value>
         <object_component_ref idref="oc-2aa"/>
      </symbol>
      <symbol id="sm-32e">
         <name>__TI_cleanup_ptr</name>
         <value>0x127c</value>
         <object_component_ref idref="oc-2ad"/>
      </symbol>
      <symbol id="sm-33b">
         <name>_system_pre_init</name>
         <value>0x11406</value>
         <object_component_ref idref="oc-1d9"/>
      </symbol>
      <symbol id="sm-344">
         <name>_system_post_cinit</name>
         <value>0x1140c</value>
         <object_component_ref idref="oc-2b2"/>
      </symbol>
      <symbol id="sm-355">
         <name>__TI_decompress_none</name>
         <value>0x113bc</value>
         <object_component_ref idref="oc-4d"/>
      </symbol>
      <symbol id="sm-378">
         <name>__TI_decompress_lzss</name>
         <value>0x1097a</value>
         <object_component_ref idref="oc-47"/>
      </symbol>
      <symbol id="sm-38d">
         <name>__mspabi_cvtfd</name>
         <value>0x10d60</value>
         <object_component_ref idref="oc-222"/>
      </symbol>
      <symbol id="sm-3b3">
         <name>C$$EXIT</name>
         <value>0x113fc</value>
         <object_component_ref idref="oc-22e"/>
      </symbol>
      <symbol id="sm-3b4">
         <name>abort</name>
         <value>0x113fc</value>
         <object_component_ref idref="oc-22e"/>
      </symbol>
      <symbol id="sm-3b5">
         <name>__TI_enable_exit_profile_output</name>
         <value>0x128e</value>
         <object_component_ref idref="oc-2a7"/>
      </symbol>
      <symbol id="sm-3b6">
         <name>exit</name>
         <value>0x10f1a</value>
         <object_component_ref idref="oc-234"/>
      </symbol>
      <symbol id="sm-3cc">
         <name>_nop</name>
         <value>0x1140a</value>
         <object_component_ref idref="oc-2d3"/>
      </symbol>
      <symbol id="sm-3cd">
         <name>_lock</name>
         <value>0x1284</value>
         <object_component_ref idref="oc-26d"/>
      </symbol>
      <symbol id="sm-3ce">
         <name>_unlock</name>
         <value>0x1288</value>
         <object_component_ref idref="oc-285"/>
      </symbol>
      <symbol id="sm-3e2">
         <name>__TI_tmpnams</name>
         <value>0x13b2</value>
      </symbol>
      <symbol id="sm-3e3">
         <name>_ftable</name>
         <value>0x1100</value>
         <object_component_ref idref="oc-270"/>
      </symbol>
      <symbol id="sm-3e4">
         <name>__TI_ft_end</name>
         <value>0x128c</value>
         <object_component_ref idref="oc-41e"/>
      </symbol>
      <symbol id="sm-3f3">
         <name>memccpy</name>
         <value>0x112b6</value>
         <object_component_ref idref="oc-368"/>
      </symbol>
      <symbol id="sm-402">
         <name>memchr</name>
         <value>0x11366</value>
         <object_component_ref idref="oc-343"/>
      </symbol>
      <symbol id="sm-410">
         <name>memcpy</name>
         <value>0x113a8</value>
         <object_component_ref idref="oc-16e"/>
      </symbol>
      <symbol id="sm-495">
         <name>_sys_memory</name>
         <value>0x1464</value>
         <object_component_ref idref="oc-160"/>
      </symbol>
      <symbol id="sm-496">
         <name>free</name>
         <value>0x1045c</value>
         <object_component_ref idref="oc-3bf"/>
      </symbol>
      <symbol id="sm-497">
         <name>memalign</name>
         <value>0x1025a</value>
         <object_component_ref idref="oc-411"/>
      </symbol>
      <symbol id="sm-498">
         <name>malloc</name>
         <value>0x113ee</value>
         <object_component_ref idref="oc-3c5"/>
      </symbol>
      <symbol id="sm-499">
         <name>aligned_alloc</name>
         <value>0x1025a</value>
         <object_component_ref idref="oc-411"/>
      </symbol>
      <symbol id="sm-4a7">
         <name>memset</name>
         <value>0x1137c</value>
         <object_component_ref idref="oc-35b"/>
      </symbol>
      <symbol id="sm-4b6">
         <name>strchr</name>
         <value>0x11300</value>
         <object_component_ref idref="oc-4c5"/>
      </symbol>
      <symbol id="sm-4c3">
         <name>strlen</name>
         <value>0x113e0</value>
         <object_component_ref idref="oc-2ee"/>
      </symbol>
      <symbol id="sm-4dd">
         <name>write</name>
         <value>0x110f6</value>
         <object_component_ref idref="oc-34f"/>
      </symbol>
      <symbol id="sm-4ec">
         <name>_stream</name>
         <value>0x1240</value>
         <object_component_ref idref="oc-398"/>
      </symbol>
      <symbol id="sm-4ed">
         <name>_device</name>
         <value>0x11c8</value>
         <object_component_ref idref="oc-3de"/>
      </symbol>
      <symbol id="sm-4ff">
         <name>__TI_doflush</name>
         <value>0x10cfc</value>
         <object_component_ref idref="oc-349"/>
      </symbol>
      <symbol id="sm-50b">
         <name>__TI_cleanup</name>
         <value>0x11132</value>
         <object_component_ref idref="oc-3cb"/>
      </symbol>
      <symbol id="sm-520">
         <name>fseeko</name>
         <value>0x10c92</value>
         <object_component_ref idref="oc-386"/>
      </symbol>
      <symbol id="sm-521">
         <name>fseek</name>
         <value>0x10c92</value>
         <object_component_ref idref="oc-386"/>
      </symbol>
      <symbol id="sm-529">
         <name>__mspabi_sral_15</name>
         <value>0x1103c</value>
         <object_component_ref idref="oc-296"/>
      </symbol>
      <symbol id="sm-52a">
         <name>__mspabi_sral_14</name>
         <value>0x11040</value>
         <object_component_ref idref="oc-296"/>
      </symbol>
      <symbol id="sm-52b">
         <name>__mspabi_sral_13</name>
         <value>0x11044</value>
         <object_component_ref idref="oc-296"/>
      </symbol>
      <symbol id="sm-52c">
         <name>__mspabi_sral_12</name>
         <value>0x11048</value>
         <object_component_ref idref="oc-296"/>
      </symbol>
      <symbol id="sm-52d">
         <name>__mspabi_sral_11</name>
         <value>0x1104c</value>
         <object_component_ref idref="oc-296"/>
      </symbol>
      <symbol id="sm-52e">
         <name>__mspabi_sral_10</name>
         <value>0x11050</value>
         <object_component_ref idref="oc-296"/>
      </symbol>
      <symbol id="sm-52f">
         <name>__mspabi_sral_8</name>
         <value>0x11058</value>
         <object_component_ref idref="oc-296"/>
      </symbol>
      <symbol id="sm-530">
         <name>__mspabi_sral_9</name>
         <value>0x11054</value>
         <object_component_ref idref="oc-296"/>
      </symbol>
      <symbol id="sm-531">
         <name>__mspabi_sral_6</name>
         <value>0x11060</value>
         <object_component_ref idref="oc-296"/>
      </symbol>
      <symbol id="sm-532">
         <name>__mspabi_sral_7</name>
         <value>0x1105c</value>
         <object_component_ref idref="oc-296"/>
      </symbol>
      <symbol id="sm-533">
         <name>__mspabi_sral_4</name>
         <value>0x11068</value>
         <object_component_ref idref="oc-296"/>
      </symbol>
      <symbol id="sm-534">
         <name>__mspabi_sral_5</name>
         <value>0x11064</value>
         <object_component_ref idref="oc-296"/>
      </symbol>
      <symbol id="sm-535">
         <name>__mspabi_sral_2</name>
         <value>0x11070</value>
         <object_component_ref idref="oc-296"/>
      </symbol>
      <symbol id="sm-536">
         <name>__mspabi_sral_3</name>
         <value>0x1106c</value>
         <object_component_ref idref="oc-296"/>
      </symbol>
      <symbol id="sm-537">
         <name>__mspabi_sral_1</name>
         <value>0x11074</value>
         <object_component_ref idref="oc-296"/>
      </symbol>
      <symbol id="sm-549">
         <name>HOSTclose</name>
         <value>0x10ecc</value>
         <object_component_ref idref="oc-42a"/>
      </symbol>
      <symbol id="sm-555">
         <name>HOSTlseek</name>
         <value>0x107d2</value>
         <object_component_ref idref="oc-43c"/>
      </symbol>
      <symbol id="sm-563">
         <name>parmbuf</name>
         <value>0x1452</value>
      </symbol>
      <symbol id="sm-564">
         <name>HOSTopen</name>
         <value>0x10b4c</value>
         <object_component_ref idref="oc-424"/>
      </symbol>
      <symbol id="sm-571">
         <name>HOSTread</name>
         <value>0x10c28</value>
         <object_component_ref idref="oc-430"/>
      </symbol>
      <symbol id="sm-57d">
         <name>HOSTrename</name>
         <value>0x109f0</value>
         <object_component_ref idref="oc-448"/>
      </symbol>
      <symbol id="sm-589">
         <name>HOSTunlink</name>
         <value>0x10ff6</value>
         <object_component_ref idref="oc-442"/>
      </symbol>
      <symbol id="sm-596">
         <name>HOSTwrite</name>
         <value>0x10bbc</value>
         <object_component_ref idref="oc-436"/>
      </symbol>
      <symbol id="sm-5b4">
         <name>__TI_readmsg</name>
         <value>0x1119e</value>
         <object_component_ref idref="oc-483"/>
      </symbol>
      <symbol id="sm-5b5">
         <name>C$$IO$$</name>
         <value>0x1119a</value>
         <object_component_ref idref="oc-47d"/>
      </symbol>
      <symbol id="sm-5b6">
         <name>_CIOBUF_</name>
         <value>0x1292</value>
         <object_component_ref idref="oc-4af"/>
      </symbol>
      <symbol id="sm-5b7">
         <name>__TI_writemsg</name>
         <value>0x11168</value>
         <object_component_ref idref="oc-47d"/>
      </symbol>
      <symbol id="sm-5c6">
         <name>lseek</name>
         <value>0x110b8</value>
         <object_component_ref idref="oc-3b2"/>
      </symbol>
      <symbol id="sm-5d7">
         <name>__TI_closefile</name>
         <value>0x10a64</value>
         <object_component_ref idref="oc-418"/>
      </symbol>
      <symbol id="sm-5fb">
         <name>finddevice</name>
         <value>0x11232</value>
         <object_component_ref idref="oc-4d1"/>
      </symbol>
      <symbol id="sm-5fc">
         <name>getdevice</name>
         <value>0x10e1e</value>
         <object_component_ref idref="oc-4a3"/>
      </symbol>
      <symbol id="sm-60d">
         <name>strcmp</name>
         <value>0x1131c</value>
         <object_component_ref idref="oc-4ea"/>
      </symbol>
      <symbol id="sm-61a">
         <name>strcpy</name>
         <value>0x113ce</value>
         <object_component_ref idref="oc-494"/>
      </symbol>
      <symbol id="sm-62a">
         <name>strncpy</name>
         <value>0x111d0</value>
         <object_component_ref idref="oc-4cb"/>
      </symbol>
      <symbol id="sm-63d">
         <name>close</name>
         <value>0x10dc4</value>
         <object_component_ref idref="oc-469"/>
      </symbol>
      <symbol id="sm-64a">
         <name>unlink</name>
         <value>0x11202</value>
         <object_component_ref idref="oc-470"/>
      </symbol>
      <symbol id="sm-64d">
         <name>remove</name>
         <value>0x11202</value>
      </symbol>
   </symbol_table>
   <title>Link successful</title>
</link_info>
